   Building jplearn-api @ file:///Users/quyendo/Documents/Learn/JPLearn/.worktrees/candidate_verify/apps/api-python
      Built jplearn-api @ file:///Users/quyendo/Documents/Learn/JPLearn/.worktrees/candidate_verify/apps/api-python
Uninstalled 1 package in 9ms
Installed 1 package in 2ms
============================= test session starts ==============================
platform darwin -- Python 3.12.13, pytest-9.1.1, pluggy-1.6.0 -- /Users/quyendo/Documents/Learn/JPLearn/apps/api-python/.venv/bin/python
cachedir: .pytest_cache
rootdir: /Users/quyendo/Documents/Learn/JPLearn/.worktrees/candidate_verify/apps/api-python
configfile: pyproject.toml
plugins: asyncio-1.4.0, anyio-4.15.0
asyncio: mode=Mode.AUTO, debug=False, asyncio_default_fixture_loop_scope=None, asyncio_default_test_loop_scope=function
collecting ... collected 19 items

tests/test_architecture_guard.py::test_domain_layer_dependencies PASSED  [  5%]
tests/test_architecture_guard.py::test_domain_layer_transitive_dependencies PASSED [ 10%]
tests/test_architecture_guard.py::test_application_layer_dependencies PASSED [ 15%]
tests/test_architecture_guard.py::test_application_layer_transitive_dependencies PASSED [ 21%]
tests/test_architecture_guard.py::test_ports_layer_pure_abstractions PASSED [ 26%]
tests/test_architecture_guard.py::test_adapters_layer_dependencies PASSED [ 31%]
tests/test_architecture_guard.py::test_routers_composition_rules PASSED  [ 36%]
tests/test_architecture_guard.py::test_guard_mutation_catches_violations PASSED [ 42%]
tests/test_architecture_guard.py::test_guard_mutation_catches_transitive_import_leak PASSED [ 47%]
tests/test_architecture_guard.py::test_guard_mutation_catches_aliased_constructor_in_router PASSED [ 52%]
tests/test_architecture_guard.py::test_guard_mutation_catches_symbol_reexport_leak PASSED [ 57%]
tests/test_architecture_guard.py::test_package_import_has_zero_side_effects PASSED [ 63%]
tests/test_architecture_guard.py::test_fake_uow_isolation_and_rollback PASSED [ 68%]
tests/test_architecture_guard.py::test_flags_use_case_in_memory PASSED   [ 73%]
tests/test_architecture_guard.py::test_identity_use_cases_in_memory PASSED [ 78%]
tests/test_architecture_guard.py::test_catalog_use_cases_in_memory PASSED [ 84%]
tests/test_architecture_guard.py::test_learning_use_cases_in_memory PASSED [ 89%]
tests/test_architecture_guard.py::test_media_use_cases_in_memory PASSED  [ 94%]
tests/test_architecture_guard.py::test_failure_boundaries_across_use_cases PASSED [100%]

=============================== warnings summary ===============================
../../../../apps/api-python/.venv/lib/python3.12/site-packages/fastapi/testclient.py:1
  /Users/quyendo/Documents/Learn/JPLearn/apps/api-python/.venv/lib/python3.12/site-packages/fastapi/testclient.py:1: StarletteDeprecationWarning: Using `httpx` with `starlette.testclient` is deprecated; install `httpx2` instead.
    from starlette.testclient import TestClient as TestClient  # noqa

../../../../apps/api-python/.venv/lib/python3.12/site-packages/starlette/testclient.py:53
  /Users/quyendo/Documents/Learn/JPLearn/apps/api-python/.venv/lib/python3.12/site-packages/starlette/testclient.py:53: DeprecationWarning: The anyio.abc.BlockingPortal alias is deprecated, use anyio.from_thread.BlockingPortal instead.
    _PortalFactoryType = Callable[[], AbstractContextManager[anyio.abc.BlockingPortal]]

-- Docs: https://docs.pytest.org/en/stable/how-to/capture-warnings.html
======================== 19 passed, 2 warnings in 0.41s ========================
