   Building jplearn-api @ file:///Users/quyendo/Documents/Learn/JPLearn/.worktrees/candidate_verify/apps/api-python
      Built jplearn-api @ file:///Users/quyendo/Documents/Learn/JPLearn/.worktrees/candidate_verify/apps/api-python
Uninstalled 1 package in 0.82ms
Installed 1 package in 1ms
============================= test session starts ==============================
platform darwin -- Python 3.12.13, pytest-9.1.1, pluggy-1.6.0
rootdir: /Users/quyendo/Documents/Learn/JPLearn/.worktrees/candidate_verify/apps/api-python
configfile: pyproject.toml
plugins: asyncio-1.4.0, anyio-4.15.0
asyncio: mode=Mode.AUTO, debug=False, asyncio_default_fixture_loop_scope=None, asyncio_default_test_loop_scope=function
collected 26 items

tests/test_openapi_diff.py .......                                       [ 26%]
tests/test_openapi_mutation_suite.py ...................                 [100%]

=============================== warnings summary ===============================
../../../../apps/api-python/.venv/lib/python3.12/site-packages/fastapi/testclient.py:1
  /Users/quyendo/Documents/Learn/JPLearn/apps/api-python/.venv/lib/python3.12/site-packages/fastapi/testclient.py:1: StarletteDeprecationWarning: Using `httpx` with `starlette.testclient` is deprecated; install `httpx2` instead.
    from starlette.testclient import TestClient as TestClient  # noqa

../../../../apps/api-python/.venv/lib/python3.12/site-packages/starlette/testclient.py:53
  /Users/quyendo/Documents/Learn/JPLearn/apps/api-python/.venv/lib/python3.12/site-packages/starlette/testclient.py:53: DeprecationWarning: The anyio.abc.BlockingPortal alias is deprecated, use anyio.from_thread.BlockingPortal instead.
    _PortalFactoryType = Callable[[], AbstractContextManager[anyio.abc.BlockingPortal]]

-- Docs: https://docs.pytest.org/en/stable/how-to/capture-warnings.html
======================== 26 passed, 2 warnings in 1.50s ========================
