========================================================================
 JPLearn FastAPI Container Verification Gate (Hardened R-08/B)
========================================================================
Commit SHA: b9194df4241e627ea8ae8b1342d99bdb88b2d422 (dirty files: 0)
Started At (UTC): 2026-09-05T14:54:47Z

--- [1/7] Building Container Image: jplearn-api-python:hardened ---
#0 building with "desktop-linux" instance using docker driver

#1 [internal] load build definition from Dockerfile
#1 transferring dockerfile: 1.15kB done
#1 DONE 0.0s

#2 [internal] load metadata for docker.io/library/python:3.12-slim@sha256:78387bc3881b8273120a12ebe6c1ab22b018ccc2c9adf565ae1ac9b536e184ea
#2 ...

#3 [internal] load metadata for ghcr.io/astral-sh/uv:latest@sha256:8b940d3a9d65bed080436972241af2e21c84b5e8c9193f7014ed71479ee795ff
#3 DONE 1.3s

#2 [internal] load metadata for docker.io/library/python:3.12-slim@sha256:78387bc3881b8273120a12ebe6c1ab22b018ccc2c9adf565ae1ac9b536e184ea
#2 DONE 1.5s

#4 [internal] load .dockerignore
#4 transferring context: 128B done
#4 DONE 0.0s

#5 [base  1/10] FROM docker.io/library/python:3.12-slim@sha256:78387bc3881b8273120a12ebe6c1ab22b018ccc2c9adf565ae1ac9b536e184ea
#5 resolve docker.io/library/python:3.12-slim@sha256:78387bc3881b8273120a12ebe6c1ab22b018ccc2c9adf565ae1ac9b536e184ea done
#5 DONE 0.0s

#6 FROM ghcr.io/astral-sh/uv:latest@sha256:8b940d3a9d65bed080436972241af2e21c84b5e8c9193f7014ed71479ee795ff
#6 resolve ghcr.io/astral-sh/uv:latest@sha256:8b940d3a9d65bed080436972241af2e21c84b5e8c9193f7014ed71479ee795ff done
#6 DONE 0.0s

#7 [internal] load build context
#7 transferring context: 870.74kB 0.0s done
#7 DONE 0.0s

#8 [base  2/10] COPY --from=ghcr.io/astral-sh/uv:latest@sha256:8b940d3a9d65bed080436972241af2e21c84b5e8c9193f7014ed71479ee795ff /uv /uvx /bin/
#8 CACHED

#9 [base  5/10] COPY pyproject.toml uv.lock README.md ./
#9 CACHED

#10 [base  3/10] WORKDIR /app
#10 CACHED

#11 [base  4/10] RUN useradd -u 10001 -d /app -s /bin/sh appuser
#11 CACHED

#12 [base  6/10] RUN uv sync --frozen --no-dev --no-install-project
#12 CACHED

#13 [base  7/10] COPY alembic.ini ./alembic.ini
#13 CACHED

#14 [base  8/10] COPY src/ ./src/
#14 DONE 0.0s

#15 [base  9/10] RUN uv sync --frozen --no-dev
#15 0.261    Building jplearn-api @ file:///app
#15 1.494       Built jplearn-api @ file:///app
#15 1.495 Prepared 1 package in 1.23s
#15 1.499 Installed 1 package in 3ms
#15 1.662 Bytecode compiled 977 files in 162ms
#15 1.662  + jplearn-api==0.1.0 (from file:///app)
#15 DONE 1.7s

#16 [base 10/10] RUN mkdir -p /app/storage && chown -R appuser:appuser /app
#16 DONE 1.6s

#17 exporting to image
#17 exporting layers
#17 exporting layers 1.8s done
#17 exporting manifest sha256:dc853abfa7a7c35aba5873f5004d6ae11ae0350dcd53c6b3df0d2c61e99f99ad
#17 exporting manifest sha256:dc853abfa7a7c35aba5873f5004d6ae11ae0350dcd53c6b3df0d2c61e99f99ad done
#17 exporting config sha256:d38202de104cdf70d5ddbe804ee4318c98a91190217738e15aca39d41f7c3235 done
#17 exporting attestation manifest sha256:7f9eedb248c16cf04768273618facf5e760f0ed367097e8d3f65cae20564f457 done
#17 exporting manifest list sha256:501568b6e764abd8beeae8547cdaf0f071955d4b313fc82bf3f319c5fc0e8e48 done
#17 naming to docker.io/library/jplearn-api-python:hardened done
#17 unpacking to docker.io/library/jplearn-api-python:hardened
#17 unpacking to docker.io/library/jplearn-api-python:hardened 0.3s done
#17 DONE 2.1s

View build details: docker-desktop://dashboard/build/desktop-linux/desktop-linux/it7n1cbpsd717rbn3m6n76v8c
Image ID: sha256:501568b6e764abd8beeae8547cdaf0f071955d4b313fc82bf3f319c5fc0e8e48

--- [2/7] Verifying Non-root Execution (UID 10001) ---
Container user ID: 10001
✓ Non-root UID 10001 verified

--- [3/7] Verifying Packaged Wheel Resources ---
Successfully loaded 10 baseline tables without repo fallback
✓ Packaged resource loading and fail-closed verified

--- [4/7] Verifying CLI Exit Codes ---
✓ jplearn-migrate --help returned 0
✓ jplearn-migrate invalid_cmd returned 2

--- [5/7] Verifying Database Adoption Stamp Safety & Migrations ---
Waiting for PostgreSQL to be ready...
Testing stamp on empty database...
✓ Stamp on empty database failed closed with verified reason
Running migration upgrade head...
✓ Upgrade head succeeded
✓ Current revision checked
Running idempotent seed...
✓ Seed completed successfully

--- [6/7] Verifying Schema Divergence Detection & Live Adoption ---
✓ Schema divergence detection verified: stamp failed closed
Populated DB counts before adoption: users=1, catalog_items=2
✓ Adoption stamp on populated baseline succeeded
✓ Baseline adoption verified: version=0001_prisma_baseline, data counts unchanged (users=1, items=2)

--- [7/7] Verifying Container Readiness & Liveness Probe Isolation ---
Waiting for container API to start...
✓ Initial probes healthy: health=200, ready=200, body={"ok":true,"database":"up","storage":"up"}
Testing degraded storage probe...
✓ Storage probe degradation verified: ready=503 (storage:down, db:up), liveness=200
Testing degraded database probe...
✓ Database probe degradation verified: ready=503 (db:down, storage:up), liveness=200

========================================================================
✓ ALL CONTAINER VERIFICATION GATES PASSED!
Manifest written to: /Users/quyendo/Documents/Learn/JPLearn/docs/qa/clean-architecture-audit/evidence/container_verification_manifest.json
========================================================================
==> Cleaning up verification resources...
jplearn-api-verify-27228
jplearn-pg-verify-27228
jplearn-verify-net-27228
