== 1/5 docker db-test (Alembic migrate + seed) [project=jplearn-web-e2e-20260908171450_10302] ==
== 2/5 FastAPI :49805 ==
== 3/5 seed nội dung published + HLS thật ==
   published item 00000000-0000-4000-8000-0000000000c1, asset 9fa177d3-4afe-4338-afee-0992ae985e4d (+hls)
== 3b/5 teacher E2E account (isolated DB only) ==
granted teacher to teacher@e2e.local
== 4/5 web :49806 → API :49805 [workspace=/tmp/jplearn-e2e-20260908171450_10302/web] ==
== 5/5 playwright e2e/shell.spec.ts e2e/hls.spec.ts ==

Running 16 tests using 4 workers

(node:87995) Warning: The 'NO_COLOR' env is ignored due to the 'FORCE_COLOR' env being set.
(Use `node --trace-warnings ...` to show where the warning was created)
(node:87994) Warning: The 'NO_COLOR' env is ignored due to the 'FORCE_COLOR' env being set.
(Use `node --trace-warnings ...` to show where the warning was created)
(node:87996) Warning: The 'NO_COLOR' env is ignored due to the 'FORCE_COLOR' env being set.
(Use `node --trace-warnings ...` to show where the warning was created)
(node:87997) Warning: The 'NO_COLOR' env is ignored due to the 'FORCE_COLOR' env being set.
(Use `node --trace-warnings ...` to show where the warning was created)
  ✓   4 [chromium] › ../../../..<candidate-worktree>/apps/web/e2e/hls.spec.ts:22:5 › phiên phát HLS khi item có hls_url T-NFR-P2 (778ms)
  ✓   2 [chromium] › ../../../..<candidate-worktree>/apps/web/e2e/shell.spec.ts:20:5 › login and progress have no grammar chrome T-FLG-002 T-NEG-002 (1.0s)
  ✓   3 [webkit] › ../../../..<candidate-worktree>/apps/web/e2e/hls.spec.ts:22:5 › phiên phát HLS khi item có hls_url T-NFR-P2 (1.3s)
  ✓   6 [chromium] › ../../../..<candidate-worktree>/apps/web/e2e/shell.spec.ts:33:5 › catalog shows published seed item, hides draft T-CAT-002 T-FLG-002 (432ms)
  ✓   1 [webkit] › ../../../..<candidate-worktree>/apps/web/e2e/shell.spec.ts:20:5 › login and progress have no grammar chrome T-FLG-002 T-NEG-002 (1.5s)
  ✓   5 [chromium] › ../../../..<candidate-worktree>/apps/web/e2e/hls.spec.ts:55:5 › F-03 HLS lỗi vẫn fallback MP4 mà không refetch catalog T-LRN-001 (1.2s)
  ✓   8 [webkit] › ../../../..<candidate-worktree>/apps/web/e2e/shell.spec.ts:33:5 › catalog shows published seed item, hides draft T-CAT-002 T-FLG-002 (457ms)
  ✓   7 [webkit] › ../../../..<candidate-worktree>/apps/web/e2e/hls.spec.ts:55:5 › F-03 HLS lỗi vẫn fallback MP4 mà không refetch catalog T-LRN-001 (1.3s)
  ✓   9 [chromium] › ../../../..<candidate-worktree>/apps/web/e2e/hls.spec.ts:177:5 › F-03 đổi URL hls.js cùng item khôi phục vị trí pause T-LRN-001 (711ms)
  ✓  11 [chromium] › ../../../..<candidate-worktree>/apps/web/e2e/hls.spec.ts:182:7 › F-03 đổi URL HLS theo engine khôi phục vị trí paused T-LRN-001 (813ms)
  ✓  10 [webkit] › ../../../..<candidate-worktree>/apps/web/e2e/hls.spec.ts:177:5 › F-03 đổi URL hls.js cùng item khôi phục vị trí pause T-LRN-001 (958ms)
  ✓  12 [chromium] › ../../../..<candidate-worktree>/apps/web/e2e/hls.spec.ts:182:7 › F-03 đổi URL HLS theo engine khôi phục vị trí playing T-LRN-001 (1.1s)
  ✓  14 [chromium] › ../../../..<candidate-worktree>/apps/web/e2e/hls.spec.ts:187:5 › F-03 HLS fallback lấy trạng thái play tại lúc fallback T-LRN-001 (461ms)
  ✓  13 [webkit] › ../../../..<candidate-worktree>/apps/web/e2e/hls.spec.ts:182:7 › F-03 đổi URL HLS theo engine khôi phục vị trí paused T-LRN-001 (3.0s)
  ✓  15 [webkit] › ../../../..<candidate-worktree>/apps/web/e2e/hls.spec.ts:182:7 › F-03 đổi URL HLS theo engine khôi phục vị trí playing T-LRN-001 (2.1s)
  ✓  16 [webkit] › ../../../..<candidate-worktree>/apps/web/e2e/hls.spec.ts:187:5 › F-03 HLS fallback lấy trạng thái play tại lúc fallback T-LRN-001 (987ms)

  16 passed (10.4s)
== Cleaning up E2E resources [run=20260908171450_10302] ==
== E2E run finished (exit 0). Evidence preserved at: /tmp/jplearn-e2e-20260908171450_10302 ==
