   ▲ Next.js 15.5.23

   Creating an optimized production build ...
 ✓ Compiled successfully in 2.2s
   Linting and checking validity of types ...
   Collecting page data ...
   Generating static pages (0/10) ...
   Generating static pages (2/10) 
   Generating static pages (4/10) 
   Generating static pages (7/10) 
 ✓ Generating static pages (10/10)
   Finalizing page optimization ...
   Collecting build traces ...

Route (app)                                 Size  First Load JS
┌ ○ /                                      163 B         106 kB
├ ○ /_not-found                            995 B         103 kB
├ ○ /catalog                             5.26 kB         111 kB
├ ○ /login                               3.88 kB         106 kB
├ ○ /progress                            3.77 kB         109 kB
├ ○ /session                             9.18 kB         115 kB
├ ○ /staff                               5.07 kB         111 kB
├ ƒ /staff/[id]                           6.8 kB         112 kB
└ ○ /staff/new                           5.37 kB         111 kB
+ First Load JS shared by all             102 kB
  ├ chunks/812-16ff304ca10df901.js         46 kB
  ├ chunks/ad789b8d-d150fd95c1de2831.js  54.2 kB
  └ other shared chunks (total)          1.96 kB


○  (Static)   prerendered as static content
ƒ  (Dynamic)  server-rendered on demand

