== 1/5 docker db-test (Alembic migrate + seed) [project=jplearn-web-e2e-20260908173636_18775] ==
== 2/5 FastAPI :53439 ==
== 3/5 seed nội dung published + HLS thật ==
   published item 00000000-0000-4000-8000-0000000000c1, asset f5aa50cc-2430-4cf4-8936-84b698b1c3fc (+hls)
== 3b/5 teacher E2E account (isolated DB only) ==
granted teacher to teacher@e2e.local
== 4/5 web :53440 → API :53439 [workspace=/tmp/jplearn-e2e-20260908173636_18775/web] ==
== 5/5 playwright e2e/learning-races.spec.ts ==

Running 10 tests using 2 workers

(node:93127) Warning: The 'NO_COLOR' env is ignored due to the 'FORCE_COLOR' env being set.
(Use `node --trace-warnings ...` to show where the warning was created)
(node:93126) Warning: The 'NO_COLOR' env is ignored due to the 'FORCE_COLOR' env being set.
(Use `node --trace-warnings ...` to show where the warning was created)
  ✓   2 [chromium] › ../../../..<candidate-worktree>/apps/web/e2e/learning-races.spec.ts:26:7 › FR-ID-002: goal response from A cannot overwrite mounted B after focus (1.1s)
  ✓   1 [webkit] › ../../../..<candidate-worktree>/apps/web/e2e/learning-races.spec.ts:26:7 › FR-ID-002: goal response from A cannot overwrite mounted B after focus (1.4s)
  ✓   3 [chromium] › ../../../..<candidate-worktree>/apps/web/e2e/learning-races.spec.ts:26:7 › FR-ID-002: conflict-refresh response from A cannot overwrite mounted B after focus (511ms)
  ✓   4 [webkit] › ../../../..<candidate-worktree>/apps/web/e2e/learning-races.spec.ts:26:7 › FR-ID-002: conflict-refresh response from A cannot overwrite mounted B after focus (690ms)
  ✓   5 [chromium] › ../../../..<candidate-worktree>/apps/web/e2e/learning-races.spec.ts:26:7 › FR-ID-002: delete response from A cannot overwrite mounted B after focus (487ms)
  ✓   7 [chromium] › ../../../..<candidate-worktree>/apps/web/e2e/learning-races.spec.ts:105:5 › FR-HIS-001: delayed history GET cannot restore rows after DELETE 202 (526ms)
  ✓   6 [webkit] › ../../../..<candidate-worktree>/apps/web/e2e/learning-races.spec.ts:26:7 › FR-ID-002: delete response from A cannot overwrite mounted B after focus (666ms)
  ✓   8 [chromium] › ../../../..<candidate-worktree>/apps/web/e2e/learning-races.spec.ts:152:5 › FR-ID-002: losing the token before a mutation never leaves controls busy (398ms)
  ✓   9 [webkit] › ../../../..<candidate-worktree>/apps/web/e2e/learning-races.spec.ts:105:5 › FR-HIS-001: delayed history GET cannot restore rows after DELETE 202 (592ms)
  ✓  10 [webkit] › ../../../..<candidate-worktree>/apps/web/e2e/learning-races.spec.ts:152:5 › FR-ID-002: losing the token before a mutation never leaves controls busy (537ms)

  10 passed (4.4s)
== Cleaning up E2E resources [run=20260908173636_18775] ==
== E2E run finished (exit 0). Evidence preserved at: /tmp/jplearn-e2e-20260908173636_18775 ==
