
> @jplearn/web@ test <candidate-worktree>/apps/web
> tsc --noEmit && pnpm test:unit


> @jplearn/web@ test:unit <candidate-worktree>/apps/web
> node --import tsx --test "src/lib/**/*.test.ts"

✔ T-SES-REC-001: stale-token 401 does not clear a newer user session (22.038625ms)
✔ T-SES-REC-001: current-token 401 still clears the current user session (0.341541ms)
✔ an API calendar date preserves 8 September in every policy timezone (12.792125ms)
✔ seven-day ranges use policy calendar days across DST and year boundaries (1.156667ms)
✔ timestamp formatting still follows the active policy timezone (0.36725ms)
✔ activity range uses current policy while pending effective time uses its own timezone (0.121875ms)
✔ T-LRN-001 F-03: one error cycle permits only one automatic catalog refetch (0.660292ms)
✔ T-LRN-001 F-03: concurrent source errors coalesce into the in-flight refetch (0.057792ms)
✔ T-LRN-001 F-03: manual retry starts a fresh error cycle (0.065083ms)
✔ T-LRN-001 F-03: a missing target is unavailable and never falls back to another item (0.647458ms)
✔ T-LRN-001 F-03: a session without an item chooses one default exactly once (0.075208ms)
✔ start retains the exact version, body and idempotency key after an uncertain response (21.443625ms)
✔ retry checkpoint keeps its payload despite video movement, then advances exactly once (1.09ms)
✔ end waits for in-flight checkpoint and freezes a final payload across retries (0.544125ms)
✔ end reconciles a lost checkpoint ACK before posting the next sequence (0.43275ms)
✔ failed end is retried automatically while mounted with an unchanged payload (10.885208ms)
✔ a response cannot update another auth epoch, including A to B to A (0.597125ms)
✔ a stale read cannot restore history after an accepted deletion (0.590083ms)
✔ a slow 409 refresh is still owned by the mutation that triggered it (0.062459ms)
✔ reversed filter responses only expose the latest filter (0.068084ms)
✔ an old finally cannot clear the busy flag of a newer operation (0.0485ms)
✔ dispose invalidates slow JSON parsing and capability work (0.045458ms)
✔ Strict Mode reactivation accepts new work but never revives disposed tickets (0.044541ms)
✔ capabilities: delayed body completion after logout cannot publish state (0.056459ms)
✔ recommendations: delayed body completion after logout cannot publish state (0.043166ms)
✔ history-delete: delayed body completion after logout cannot publish state (0.067125ms)
✔ T-AUTH-SEC-001: accepts only internal paths with exactly one leading slash (0.925084ms)
✔ T-AUTH-SEC-001: rejects protocol-relative, backslash, scheme and empty targets (0.1955ms)
✔ T-SES-REC-001 F-02: ended progress uses valid required fields and server duration (1.248333ms)
✔ T-SES-REC-001 F-02: ended progress HTTP 500 stays unavailable without fake numbers (0.058083ms)
✔ T-SES-REC-001 F-02: ended progress omitting a required field stays unavailable (0.044708ms)
✔ T-SES-REC-001: session recovery cannot become ready before authenticated identity (0.066708ms)
✔ T-SES-REC-001: end fallback GET 403 and 404 are terminal while 500 is unverified (0.066292ms)
✔ T-SES-REC-001: invalid or mismatched ended GET is not terminal (2.405291ms)
✔ T-SES-REC-001: recovery and end share one in-flight operation (0.150417ms)
✔ T-SES-REC-001: stale start and end tickets are ignored after user change or cancel (0.073583ms)
✔ T-SES-REC-001: LearningSession accepts omitted optional fields (0.061667ms)
✔ T-SES-REC-001: LearningSession rejects invalid UUID, date-time and fractional duration (0.100209ms)
✔ T-SES-REC-001: replay 409 is terminal while 500 stays unverified (0.06725ms)
✔ T-SES-REC-001: failed active persistence stays unverified with the recoverable pointer (1.449666ms)
✔ T-SES-REC-001: non-starting records without sessionId are rejected (0.27825ms)
✔ T-SES-REC-001: terminal clear must be confirmed before storage is empty (0.220583ms)
✔ T-SES-REC-001: storage unavailable is distinct from an empty record (0.131416ms)
✔ T-SES-REC-001: unavailable storage blocks start without minting a key (0.140375ms)
✔ T-SES-REC-001: key is scoped per user (0.184916ms)
✔ T-SES-REC-001: clear only touches the given user (0.110708ms)
✔ T-SES-REC-001: corrupt or foreign-shaped records are dropped, never returned (0.097791ms)
✔ T-SES-REC-001: corrupt record with unconfirmed removal is unavailable, not empty (0.114916ms)
✔ T-SES-REC-001: writer refuses payloads carrying catalog/media URLs (0.11375ms)
✔ newIdempotencyKey returns distinct, header-safe values ≤128 chars (0.291ms)
✔ T-SES-REC-001: short and typical header-safe persisted keys remain replayable (0.132375ms)
✔ T-SES-REC-001: unsafe idempotency keys are neither persisted nor replayed (0.605ms)
✔ T-SES-REC-001: starting retries preserve the stored key, device and item (0.194042ms)
✔ T-SES-REC-001: non-starting recovery only verifies the stored session id (0.152041ms)
ℹ tests 54
ℹ suites 0
ℹ pass 54
ℹ fail 0
ℹ cancelled 0
ℹ skipped 0
ℹ todo 0
ℹ duration_ms 240.733
