
> jplearn@ test:api /Users/quyendo/Documents/Learn/JPLearn
> cd apps/api-python && uv run pytest

============================= test session starts ==============================
platform darwin -- Python 3.12.13, pytest-9.1.1, pluggy-1.6.0
rootdir: /Users/quyendo/Documents/Learn/JPLearn/apps/api-python
configfile: pyproject.toml
testpaths: tests
plugins: asyncio-1.4.0, anyio-4.15.0
asyncio: mode=Mode.AUTO, debug=False, asyncio_default_fixture_loop_scope=None, asyncio_default_test_loop_scope=function
collected 217 items

tests/test_architecture_guard.py ....................                    [  9%]
tests/test_auth.py .......                                               [ 12%]
tests/test_benchmark_evidence.py ..                                      [ 13%]
tests/test_catalog.py .......                                            [ 16%]
tests/test_catalog_concurrency.py ....                                   [ 18%]
tests/test_cleanup_quarantine.py ....                                    [ 20%]
tests/test_contract.py ..                                                [ 21%]
tests/test_e2e_runner_isolation.py ......                                [ 23%]
tests/test_env_resolver.py ......                                        [ 26%]
tests/test_errors.py ..                                                  [ 27%]
tests/test_flags.py ...                                                  [ 29%]
tests/test_health.py .....                                               [ 31%]
tests/test_hls.py ......                                                 [ 34%]
tests/test_media.py ...................................                  [ 50%]
tests/test_migrate_fail_closed.py ................                       [ 57%]
tests/test_neg.py .                                                      [ 58%]
tests/test_obs.py ...........                                            [ 63%]
tests/test_openapi_diff.py .......                                       [ 66%]
tests/test_openapi_mutation_suite.py ...................                 [ 75%]
tests/test_package_layout.py ...                                         [ 76%]
tests/test_schema_ddl.py ........                                        [ 80%]
tests/test_seed.py ....                                                  [ 82%]
tests/test_sessions.py ...........                                       [ 87%]
tests/test_sessions_concurrency.py .....                                 [ 89%]
tests/test_storage_media_readiness.py ...................                [ 98%]
tests/test_sync.py .                                                     [ 98%]
tests/test_vectors.py ...                                                [100%]

=============================== warnings summary ===============================
.venv/lib/python3.12/site-packages/fastapi/testclient.py:1
  /Users/quyendo/Documents/Learn/JPLearn/apps/api-python/.venv/lib/python3.12/site-packages/fastapi/testclient.py:1: StarletteDeprecationWarning: Using `httpx` with `starlette.testclient` is deprecated; install `httpx2` instead.
    from starlette.testclient import TestClient as TestClient  # noqa

.venv/lib/python3.12/site-packages/starlette/testclient.py:53
  /Users/quyendo/Documents/Learn/JPLearn/apps/api-python/.venv/lib/python3.12/site-packages/starlette/testclient.py:53: DeprecationWarning: The anyio.abc.BlockingPortal alias is deprecated, use anyio.from_thread.BlockingPortal instead.
    _PortalFactoryType = Callable[[], AbstractContextManager[anyio.abc.BlockingPortal]]

-- Docs: https://docs.pytest.org/en/stable/how-to/capture-warnings.html
======================= 217 passed, 2 warnings in 30.33s =======================
