== 1/5 docker db-test (Alembic migrate + seed) [project=jplearn-web-e2e-20260906233014_2634] ==
== 2/5 FastAPI :57709 ==
== 3/5 seed nội dung published + HLS thật ==
   published item 00000000-0000-4000-8000-0000000000c1, asset 98c3a65b-3c72-45e5-bf5e-86365aaea161 (+hls)
== 3b/5 teacher E2E account (isolated DB only) ==
granted teacher to teacher@e2e.local
== 4/5 web :57710 → API :57709 [workspace=/tmp/jplearn-e2e-20260906233014_2634/web] ==
== 5/5 playwright --project=chromium --project=webkit ==

Running 88 tests using 6 workers

(node:13225) Warning: The 'NO_COLOR' env is ignored due to the 'FORCE_COLOR' env being set.
(Use `node --trace-warnings ...` to show where the warning was created)
(node:13228) Warning: The 'NO_COLOR' env is ignored due to the 'FORCE_COLOR' env being set.
(Use `node --trace-warnings ...` to show where the warning was created)
(node:13226) Warning: The 'NO_COLOR' env is ignored due to the 'FORCE_COLOR' env being set.
(Use `node --trace-warnings ...` to show where the warning was created)
(node:13224) Warning: The 'NO_COLOR' env is ignored due to the 'FORCE_COLOR' env being set.
(Use `node --trace-warnings ...` to show where the warning was created)
(node:13229) Warning: The 'NO_COLOR' env is ignored due to the 'FORCE_COLOR' env being set.
(Use `node --trace-warnings ...` to show where the warning was created)
(node:13227) Warning: The 'NO_COLOR' env is ignored due to the 'FORCE_COLOR' env being set.
(Use `node --trace-warnings ...` to show where the warning was created)
  ✓   6 [chromium] › ../../../../Users/quyendo/Documents/Learn/JPLearn/apps/web/e2e/auth.spec.ts:3:5 › T-AUTH-SEC-001: open-redirect targets fall back to /, internal path is honoured (1.8s)
  ✓   4 [chromium] › ../../../../Users/quyendo/Documents/Learn/JPLearn/apps/web/e2e/hls.spec.ts:22:5 › phiên phát HLS khi item có hls_url T-NFR-P2 (1.9s)
  ✓   1 [chromium] › ../../../../Users/quyendo/Documents/Learn/JPLearn/apps/web/e2e/shell.spec.ts:20:5 › login and progress have no grammar chrome T-FLG-002 T-NEG-002 (2.0s)
  ✓   3 [chromium] › ../../../../Users/quyendo/Documents/Learn/JPLearn/apps/web/e2e/recovery.spec.ts:129:7 › Session recovery T-SES-REC-001 › F-01 pending active GET disables Start and cannot POST a new session T-SES-REC-001 (2.2s)
No accessibility violations detected!
  ✓   7 [chromium] › ../../../../Users/quyendo/Documents/Learn/JPLearn/apps/web/e2e/auth.spec.ts:20:5 › T-AUTH-ERR-001: a 400 validation error from the API is shown verbatim in the alert (943ms)
No accessibility violations detected!
  ✓   9 [chromium] › ../../../../Users/quyendo/Documents/Learn/JPLearn/apps/web/e2e/shell.spec.ts:33:5 › catalog shows published seed item, hides draft T-CAT-002 T-FLG-002 (1.0s)
No accessibility violations detected!
(node:13284) Warning: The 'NO_COLOR' env is ignored due to the 'FORCE_COLOR' env being set.
(Use `node --trace-warnings ...` to show where the warning was created)
No accessibility violations detected!
  ✓  10 [chromium] › ../../../../Users/quyendo/Documents/Learn/JPLearn/apps/web/e2e/recovery.spec.ts:173:9 › Session recovery T-SES-REC-001 › F-01 network during active recovery keeps the record and retries the same GET T-SES-REC-001 (1.6s)
No accessibility violations detected!
  ✓   2 [chromium] › ../../../../Users/quyendo/Documents/Learn/JPLearn/apps/web/e2e/a11y.spec.ts:62:5 › chrome learner đạt contrast AA + mọi route có document title T-NFR-A1 (3.9s)
  ✓   8 [chromium] › ../../../../Users/quyendo/Documents/Learn/JPLearn/apps/web/e2e/hls.spec.ts:55:5 › F-03 HLS lỗi vẫn fallback MP4 mà không refetch catalog T-LRN-001 (2.1s)
  ✓   5 [chromium] › ../../../../Users/quyendo/Documents/Learn/JPLearn/apps/web/e2e/staff.spec.ts:39:7 › Staff CMS T-CMS-E2E-001 › teacher drafts+uploads+submits (no publish button); admin publishes; learner sees; admin unpublishes — each step survives reload (4.5s)
No accessibility violations detected!
  ✓  13 [chromium] › ../../../../Users/quyendo/Documents/Learn/JPLearn/apps/web/e2e/recovery.spec.ts:173:9 › Session recovery T-SES-REC-001 › F-01 HTTP 500 during outcome_unknown recovery keeps the record and retries the same GET T-SES-REC-001 (1.7s)
No accessibility violations detected!
  ✓  15 [chromium] › ../../../../Users/quyendo/Documents/Learn/JPLearn/apps/web/e2e/hls.spec.ts:177:5 › F-03 đổi URL hls.js cùng item khôi phục vị trí pause T-LRN-001 (1.8s)
No accessibility violations detected!
  ✓  14 [chromium] › ../../../../Users/quyendo/Documents/Learn/JPLearn/apps/web/e2e/a11y.spec.ts:79:5 › chrome staff CMS đạt contrast AA + mọi route có document title T-NFR-A1 (2.1s)
No accessibility violations detected!
  ✓  16 [chromium] › ../../../../Users/quyendo/Documents/Learn/JPLearn/apps/web/e2e/staff.spec.ts:95:7 › Staff CMS T-CMS-E2E-001 › publish without media is refused and status stays level_qa (2.1s)
No accessibility violations detected!
No accessibility violations detected!
No accessibility violations detected!
No accessibility violations detected!
  ✓  12 [webkit] › ../../../../Users/quyendo/Documents/Learn/JPLearn/apps/web/e2e/a11y.spec.ts:62:5 › chrome learner đạt contrast AA + mọi route có document title T-NFR-A1 (3.7s)
  ✓  18 [chromium] › ../../../../Users/quyendo/Documents/Learn/JPLearn/apps/web/e2e/hls.spec.ts:182:7 › F-03 đổi URL HLS theo engine khôi phục vị trí paused T-LRN-001 (1.6s)
  ✓  20 [chromium] › ../../../../Users/quyendo/Documents/Learn/JPLearn/apps/web/e2e/staff.spec.ts:107:7 › Staff CMS T-CMS-E2E-001 › upload failure keeps the draft and shows an error (1.1s)
No accessibility violations detected!
  ✓  17 [chromium] › ../../../../Users/quyendo/Documents/Learn/JPLearn/apps/web/e2e/recovery.spec.ts:219:7 › Session recovery T-SES-REC-001 › F-01 starting replay keeps one key through HTTP 500 and malformed success T-SES-REC-001 (2.8s)
No accessibility violations detected!
No accessibility violations detected!
No accessibility violations detected!
  ✓  19 [chromium] › ../../../../Users/quyendo/Documents/Learn/JPLearn/apps/web/e2e/a11y.spec.ts:94:5 › axe: error state on login, active session state, staff detail route T-NFR-A1 (3.0s)
No accessibility violations detected!
  ✓  21 [webkit] › ../../../../Users/quyendo/Documents/Learn/JPLearn/apps/web/e2e/a11y.spec.ts:79:5 › chrome staff CMS đạt contrast AA + mọi route có document title T-NFR-A1 (1.7s)
  ✓  22 [chromium] › ../../../../Users/quyendo/Documents/Learn/JPLearn/apps/web/e2e/hls.spec.ts:182:7 › F-03 đổi URL HLS theo engine khôi phục vị trí playing T-LRN-001 (1.7s)
  ✓  23 [chromium] › ../../../../Users/quyendo/Documents/Learn/JPLearn/apps/web/e2e/staff.spec.ts:119:7 › Staff CMS T-CMS-E2E-001 › stale revision → 409 → reload button loads the winner (1.4s)
  ✓  24 [chromium] › ../../../../Users/quyendo/Documents/Learn/JPLearn/apps/web/e2e/recovery.spec.ts:268:7 › Session recovery T-SES-REC-001 › F-01 starting replay 409 is terminal and allows a new start T-SES-REC-001 (1.3s)
[F-04] chromium [{"type":"f04-native-media-keys","description":"chromium: tab-to-video=false; spaceChangedPaused=false"},{"type":"f04-play-focus-path","description":"chromium: tab-from-catalog"},{"type":"f04-pause-focus-path","description":"chromium: stayed-on-control"}]
  ✓  25 [chromium] › ../../../../Users/quyendo/Documents/Learn/JPLearn/apps/web/e2e/a11y.spec.ts:192:5 › keyboard: login form tab order and Enter-to-submit; player controls reachable T-NFR-A1 (1.2s)
  ✓  28 [chromium] › ../../../../Users/quyendo/Documents/Learn/JPLearn/apps/web/e2e/staff.spec.ts:138:7 › Staff CMS T-CMS-E2E-001 › client-side validation rejects non-mp4 in both staff forms (1.1s)
No accessibility violations detected!
(node:13357) Warning: The 'NO_COLOR' env is ignored due to the 'FORCE_COLOR' env being set.
(Use `node --trace-warnings ...` to show where the warning was created)
  ✓  27 [chromium] › ../../../../Users/quyendo/Documents/Learn/JPLearn/apps/web/e2e/hls.spec.ts:187:5 › F-03 HLS fallback lấy trạng thái play tại lúc fallback T-LRN-001 (1.6s)
  ✓  29 [chromium] › ../../../../Users/quyendo/Documents/Learn/JPLearn/apps/web/e2e/recovery.spec.ts:298:7 › Session recovery T-SES-REC-001 › F-01 starting replay returned ended does not restore End or send it twice T-SES-REC-001 (1.2s)
No accessibility violations detected!
(node:13365) Warning: The 'NO_COLOR' env is ignored due to the 'FORCE_COLOR' env being set.
(Use `node --trace-warnings ...` to show where the warning was created)
No accessibility violations detected!
No accessibility violations detected!
  ✓  26 [webkit] › ../../../../Users/quyendo/Documents/Learn/JPLearn/apps/web/e2e/a11y.spec.ts:94:5 › axe: error state on login, active session state, staff detail route T-NFR-A1 (2.9s)
  ✓  31 [webkit] › ../../../../Users/quyendo/Documents/Learn/JPLearn/apps/web/e2e/auth.spec.ts:3:5 › T-AUTH-SEC-001: open-redirect targets fall back to /, internal path is honoured (1.5s)
  ✓  32 [chromium] › ../../../../Users/quyendo/Documents/Learn/JPLearn/apps/web/e2e/recovery.spec.ts:330:7 › Session recovery T-SES-REC-001 › F-01 replay 401 redirects to login without deleting the user recovery record T-SES-REC-001 (1.6s)
  ✓  30 [chromium] › ../../../../Users/quyendo/Documents/Learn/JPLearn/apps/web/e2e/a11y.spec.ts:294:5 › F-04 recovery and summary errors expose role=alert T-NFR-A1 (2.4s)
  ✓  33 [webkit] › ../../../../Users/quyendo/Documents/Learn/JPLearn/apps/web/e2e/hls.spec.ts:22:5 › phiên phát HLS khi item có hls_url T-NFR-P2 (1.4s)
(node:13407) Warning: The 'NO_COLOR' env is ignored due to the 'FORCE_COLOR' env being set.
(Use `node --trace-warnings ...` to show where the warning was created)
  ✓  35 [webkit] › ../../../../Users/quyendo/Documents/Learn/JPLearn/apps/web/e2e/auth.spec.ts:20:5 › T-AUTH-ERR-001: a 400 validation error from the API is shown verbatim in the alert (955ms)
[F-04] webkit [{"type":"f04-native-media-keys","description":"webkit: tab-to-video=false; spaceChangedPaused=false"},{"type":"f04-play-focus-path","description":"webkit: tab-from-catalog"},{"type":"f04-pause-focus-path","description":"webkit: stayed-on-control"}]
  ✓  34 [webkit] › ../../../../Users/quyendo/Documents/Learn/JPLearn/apps/web/e2e/a11y.spec.ts:192:5 › keyboard: login form tab order and Enter-to-submit; player controls reachable T-NFR-A1 (1.6s)
  ✓  36 [chromium] › ../../../../Users/quyendo/Documents/Learn/JPLearn/apps/web/e2e/recovery.spec.ts:362:9 › Session recovery T-SES-REC-001 › F-01 GET 403 clears only the unusable record with an explicit terminal status T-SES-REC-001 (1.5s)
  ✓  39 [webkit] › ../../../../Users/quyendo/Documents/Learn/JPLearn/apps/web/e2e/shell.spec.ts:20:5 › login and progress have no grammar chrome T-FLG-002 T-NEG-002 (1.3s)
  ✓  37 [webkit] › ../../../../Users/quyendo/Documents/Learn/JPLearn/apps/web/e2e/hls.spec.ts:55:5 › F-03 HLS lỗi vẫn fallback MP4 mà không refetch catalog T-LRN-001 (2.2s)
  ✓  38 [webkit] › ../../../../Users/quyendo/Documents/Learn/JPLearn/apps/web/e2e/recovery.spec.ts:129:7 › Session recovery T-SES-REC-001 › F-01 pending active GET disables Start and cannot POST a new session T-SES-REC-001 (1.8s)
  ✓  41 [chromium] › ../../../../Users/quyendo/Documents/Learn/JPLearn/apps/web/e2e/recovery.spec.ts:362:9 › Session recovery T-SES-REC-001 › F-01 GET 404 clears only the unusable record with an explicit terminal status T-SES-REC-001 (1.4s)
  ✓  42 [webkit] › ../../../../Users/quyendo/Documents/Learn/JPLearn/apps/web/e2e/shell.spec.ts:33:5 › catalog shows published seed item, hides draft T-CAT-002 T-FLG-002 (1.1s)
  ✓  40 [webkit] › ../../../../Users/quyendo/Documents/Learn/JPLearn/apps/web/e2e/a11y.spec.ts:294:5 › F-04 recovery and summary errors expose role=alert T-NFR-A1 (2.5s)
  ✓  44 [webkit] › ../../../../Users/quyendo/Documents/Learn/JPLearn/apps/web/e2e/recovery.spec.ts:173:9 › Session recovery T-SES-REC-001 › F-01 network during active recovery keeps the record and retries the same GET T-SES-REC-001 (1.5s)
  ✓  43 [webkit] › ../../../../Users/quyendo/Documents/Learn/JPLearn/apps/web/e2e/hls.spec.ts:177:5 › F-03 đổi URL hls.js cùng item khôi phục vị trí pause T-LRN-001 (1.7s)
  ✓  45 [chromium] › ../../../../Users/quyendo/Documents/Learn/JPLearn/apps/web/e2e/recovery.spec.ts:392:7 › Session recovery T-SES-REC-001 › F-01 late recovery response cannot overwrite state after the user changes T-SES-REC-001 (1.7s)
  ✓  48 [webkit] › ../../../../Users/quyendo/Documents/Learn/JPLearn/apps/web/e2e/recovery.spec.ts:173:9 › Session recovery T-SES-REC-001 › F-01 HTTP 500 during outcome_unknown recovery keeps the record and retries the same GET T-SES-REC-001 (1.6s)
  ✓  49 [webkit] › ../../../../Users/quyendo/Documents/Learn/JPLearn/apps/web/e2e/hls.spec.ts:182:7 › F-03 đổi URL HLS theo engine khôi phục vị trí paused T-LRN-001 (1.8s)
  ✓  50 [chromium] › ../../../../Users/quyendo/Documents/Learn/JPLearn/apps/web/e2e/recovery.spec.ts:437:7 › Session recovery T-SES-REC-001 › start response lost after commit → reload replays same key → one session (2.2s)
  ✓  52 [webkit] › ../../../../Users/quyendo/Documents/Learn/JPLearn/apps/web/e2e/hls.spec.ts:182:7 › F-03 đổi URL HLS theo engine khôi phục vị trí playing T-LRN-001 (1.6s)
  ✓  46 [webkit] › ../../../../Users/quyendo/Documents/Learn/JPLearn/apps/web/e2e/staff.spec.ts:39:7 › Staff CMS T-CMS-E2E-001 › teacher drafts+uploads+submits (no publish button); admin publishes; learner sees; admin unpublishes — each step survives reload (4.5s)
  ✓  53 [chromium] › ../../../../Users/quyendo/Documents/Learn/JPLearn/apps/web/e2e/recovery.spec.ts:464:7 › Session recovery T-SES-REC-001 › started → reload → route away and back → session still active, end works once (1.3s)
  ✓  51 [webkit] › ../../../../Users/quyendo/Documents/Learn/JPLearn/apps/web/e2e/recovery.spec.ts:219:7 › Session recovery T-SES-REC-001 › F-01 starting replay keeps one key through HTTP 500 and malformed success T-SES-REC-001 (2.5s)
  ✓  56 [chromium] › ../../../../Users/quyendo/Documents/Learn/JPLearn/apps/web/e2e/recovery.spec.ts:484:7 › Session recovery T-SES-REC-001 › F-02 end response lost after commit → GET confirms ended → real summary shown, no second end T-SES-REC-001 (1.2s)
  ✓  54 [webkit] › ../../../../Users/quyendo/Documents/Learn/JPLearn/apps/web/e2e/hls.spec.ts:187:5 › F-03 HLS fallback lấy trạng thái play tại lúc fallback T-LRN-001 (1.8s)
  ✓  57 [webkit] › ../../../../Users/quyendo/Documents/Learn/JPLearn/apps/web/e2e/recovery.spec.ts:268:7 › Session recovery T-SES-REC-001 › F-01 starting replay 409 is terminal and allows a new start T-SES-REC-001 (1.2s)
  ✓  55 [webkit] › ../../../../Users/quyendo/Documents/Learn/JPLearn/apps/web/e2e/staff.spec.ts:95:7 › Staff CMS T-CMS-E2E-001 › publish without media is refused and status stays level_qa (2.2s)
  ✓  58 [chromium] › ../../../../Users/quyendo/Documents/Learn/JPLearn/apps/web/e2e/recovery.spec.ts:513:7 › Session recovery T-SES-REC-001 › F-02 progress HTTP 500 after ended confirmation keeps recovery and retry loads summary without second end T-SES-REC-001 (1.3s)
  ✓  59 [webkit] › ../../../../Users/quyendo/Documents/Learn/JPLearn/apps/web/e2e/recovery.spec.ts:298:7 › Session recovery T-SES-REC-001 › F-01 starting replay returned ended does not restore End or send it twice T-SES-REC-001 (1.3s)
  ✓  60 [webkit] › ../../../../Users/quyendo/Documents/Learn/JPLearn/apps/web/e2e/staff.spec.ts:107:7 › Staff CMS T-CMS-E2E-001 › upload failure keeps the draft and shows an error (1.2s)
  ✓  62 [webkit] › ../../../../Users/quyendo/Documents/Learn/JPLearn/apps/web/e2e/recovery.spec.ts:330:7 › Session recovery T-SES-REC-001 › F-01 replay 401 redirects to login without deleting the user recovery record T-SES-REC-001 (1.5s)
  ✓  61 [chromium] › ../../../../Users/quyendo/Documents/Learn/JPLearn/apps/web/e2e/recovery.spec.ts:557:7 › Session recovery T-SES-REC-001 › F-02 reload with progress offline keeps ended reference and next reload loads summary without POST end T-SES-REC-001 (1.8s)
  ✓  63 [webkit] › ../../../../Users/quyendo/Documents/Learn/JPLearn/apps/web/e2e/staff.spec.ts:119:7 › Staff CMS T-CMS-E2E-001 › stale revision → 409 → reload button loads the winner (1.7s)
  ✓  64 [webkit] › ../../../../Users/quyendo/Documents/Learn/JPLearn/apps/web/e2e/recovery.spec.ts:362:9 › Session recovery T-SES-REC-001 › F-01 GET 403 clears only the unusable record with an explicit terminal status T-SES-REC-001 (1.4s)
  ✓  65 [chromium] › ../../../../Users/quyendo/Documents/Learn/JPLearn/apps/web/e2e/recovery.spec.ts:607:7 › Session recovery T-SES-REC-001 › end and status check both offline → not reported ended, record kept for retry (1.3s)
  ✓  66 [webkit] › ../../../../Users/quyendo/Documents/Learn/JPLearn/apps/web/e2e/staff.spec.ts:138:7 › Staff CMS T-CMS-E2E-001 › client-side validation rejects non-mp4 in both staff forms (1.0s)
  ✓  67 [webkit] › ../../../../Users/quyendo/Documents/Learn/JPLearn/apps/web/e2e/recovery.spec.ts:362:9 › Session recovery T-SES-REC-001 › F-01 GET 404 clears only the unusable record with an explicit terminal status T-SES-REC-001 (1.4s)
  ✓  68 [chromium] › ../../../../Users/quyendo/Documents/Learn/JPLearn/apps/web/e2e/recovery.spec.ts:639:7 › Session recovery T-SES-REC-001 › two tabs same user keep independent records; switching user hides previous record (1.5s)
  ✓  70 [chromium] › ../../../../Users/quyendo/Documents/Learn/JPLearn/apps/web/e2e/recovery.spec.ts:670:7 › Session recovery T-SES-REC-001 › F-03 recovery persists the chosen default item but never media URLs T-SES-REC-001 T-LRN-001 (1.1s)
  ✓  69 [webkit] › ../../../../Users/quyendo/Documents/Learn/JPLearn/apps/web/e2e/recovery.spec.ts:392:7 › Session recovery T-SES-REC-001 › F-01 late recovery response cannot overwrite state after the user changes T-SES-REC-001 (2.0s)
  ✓  71 [chromium] › ../../../../Users/quyendo/Documents/Learn/JPLearn/apps/web/e2e/recovery.spec.ts:687:7 › Session recovery T-SES-REC-001 › F-03 legacy session without item persists the first default once T-SES-REC-001 T-LRN-001 (1.1s)
  ✓  72 [webkit] › ../../../../Users/quyendo/Documents/Learn/JPLearn/apps/web/e2e/recovery.spec.ts:437:7 › Session recovery T-SES-REC-001 › start response lost after commit → reload replays same key → one session (2.2s)
  ✓  73 [chromium] › ../../../../Users/quyendo/Documents/Learn/JPLearn/apps/web/e2e/recovery.spec.ts:704:7 › Session recovery T-SES-REC-001 › F-03 MP4 failure refetches a changed real URL and restores paused position T-LRN-001 (2.2s)
  ✓  74 [webkit] › ../../../../Users/quyendo/Documents/Learn/JPLearn/apps/web/e2e/recovery.spec.ts:464:7 › Session recovery T-SES-REC-001 › started → reload → route away and back → session still active, end works once (1.5s)
  ✓  75 [chromium] › ../../../../Users/quyendo/Documents/Learn/JPLearn/apps/web/e2e/recovery.spec.ts:758:7 › Session recovery T-SES-REC-001 › F-03 manual retry remains usable after choosing a default and another source failure T-LRN-001 (1.6s)
  ✓  76 [webkit] › ../../../../Users/quyendo/Documents/Learn/JPLearn/apps/web/e2e/recovery.spec.ts:484:7 › Session recovery T-SES-REC-001 › F-02 end response lost after commit → GET confirms ended → real summary shown, no second end T-SES-REC-001 (1.3s)
  ✓  77 [chromium] › ../../../../Users/quyendo/Documents/Learn/JPLearn/apps/web/e2e/recovery.spec.ts:804:7 › Session recovery T-SES-REC-001 › F-03 dual-source faults use one auto refetch and manual retry starts a new cycle T-LRN-001 (1.5s)
  ✓  78 [webkit] › ../../../../Users/quyendo/Documents/Learn/JPLearn/apps/web/e2e/recovery.spec.ts:513:7 › Session recovery T-SES-REC-001 › F-02 progress HTTP 500 after ended confirmation keeps recovery and retry loads summary without second end T-SES-REC-001 (1.4s)
  ✓  80 [webkit] › ../../../../Users/quyendo/Documents/Learn/JPLearn/apps/web/e2e/recovery.spec.ts:557:7 › Session recovery T-SES-REC-001 › F-02 reload with progress offline keeps ended reference and next reload loads summary without POST end T-SES-REC-001 (1.7s)
  ✓  79 [chromium] › ../../../../Users/quyendo/Documents/Learn/JPLearn/apps/web/e2e/recovery.spec.ts:850:7 › Session recovery T-SES-REC-001 › F-03 real unpublish keeps target unavailable instead of playing another item T-SES-REC-001 T-LRN-001 (2.4s)
  ✓  81 [webkit] › ../../../../Users/quyendo/Documents/Learn/JPLearn/apps/web/e2e/recovery.spec.ts:607:7 › Session recovery T-SES-REC-001 › end and status check both offline → not reported ended, record kept for retry (1.4s)
  ✓  82 [webkit] › ../../../../Users/quyendo/Documents/Learn/JPLearn/apps/web/e2e/recovery.spec.ts:639:7 › Session recovery T-SES-REC-001 › two tabs same user keep independent records; switching user hides previous record (2.0s)
  ✓  83 [webkit] › ../../../../Users/quyendo/Documents/Learn/JPLearn/apps/web/e2e/recovery.spec.ts:670:7 › Session recovery T-SES-REC-001 › F-03 recovery persists the chosen default item but never media URLs T-SES-REC-001 T-LRN-001 (1.3s)
  ✓  84 [webkit] › ../../../../Users/quyendo/Documents/Learn/JPLearn/apps/web/e2e/recovery.spec.ts:687:7 › Session recovery T-SES-REC-001 › F-03 legacy session without item persists the first default once T-SES-REC-001 T-LRN-001 (1.2s)
  ✓  85 [webkit] › ../../../../Users/quyendo/Documents/Learn/JPLearn/apps/web/e2e/recovery.spec.ts:704:7 › Session recovery T-SES-REC-001 › F-03 MP4 failure refetches a changed real URL and restores paused position T-LRN-001 (2.2s)
  ✓  86 [webkit] › ../../../../Users/quyendo/Documents/Learn/JPLearn/apps/web/e2e/recovery.spec.ts:758:7 › Session recovery T-SES-REC-001 › F-03 manual retry remains usable after choosing a default and another source failure T-LRN-001 (1.9s)
  ✓  87 [webkit] › ../../../../Users/quyendo/Documents/Learn/JPLearn/apps/web/e2e/recovery.spec.ts:804:7 › Session recovery T-SES-REC-001 › F-03 dual-source faults use one auto refetch and manual retry starts a new cycle T-LRN-001 (1.6s)
  ✓  88 [webkit] › ../../../../Users/quyendo/Documents/Learn/JPLearn/apps/web/e2e/recovery.spec.ts:850:7 › Session recovery T-SES-REC-001 › F-03 real unpublish keeps target unavailable instead of playing another item T-SES-REC-001 T-LRN-001 (2.3s)
  ✓  11 [chromium] › ../../../../Users/quyendo/Documents/Learn/JPLearn/apps/web/e2e/sync.spec.ts:10:5 › UC-L06 cùng user hai client: cùng catalog published, cùng minutes_comprehensible (2.2m)
  ✓  47 [webkit] › ../../../../Users/quyendo/Documents/Learn/JPLearn/apps/web/e2e/sync.spec.ts:10:5 › UC-L06 cùng user hai client: cùng catalog published, cùng minutes_comprehensible (2.2m)

  88 passed (2.5m)
== Cleaning up E2E resources [run=20260906233014_2634] ==
== E2E run finished (exit 0). Evidence preserved at: /tmp/jplearn-e2e-20260906233014_2634 ==
