== 1/5 docker db-test (Alembic migrate + seed) [project=jplearn-web-e2e-20260906232531_26121] ==
== 2/5 FastAPI :55710 ==
== 3/5 seed nội dung published + HLS thật ==
   published item 00000000-0000-4000-8000-0000000000c1, asset 66e3c437-bd4f-4a20-821b-b503fa616406 (+hls)
== 3b/5 teacher E2E account (isolated DB only) ==
granted teacher to teacher@e2e.local
== 4/5 web :55711 → API :55710 [workspace=/tmp/jplearn-e2e-20260906232531_26121/web] ==
== 5/5 playwright --project=chromium --project=webkit ==

Running 88 tests using 6 workers

(node:11298) Warning: The 'NO_COLOR' env is ignored due to the 'FORCE_COLOR' env being set.
(Use `node --trace-warnings ...` to show where the warning was created)
(node:11299) Warning: The 'NO_COLOR' env is ignored due to the 'FORCE_COLOR' env being set.
(Use `node --trace-warnings ...` to show where the warning was created)
(node:11303) Warning: The 'NO_COLOR' env is ignored due to the 'FORCE_COLOR' env being set.
(Use `node --trace-warnings ...` to show where the warning was created)
(node:11301) Warning: The 'NO_COLOR' env is ignored due to the 'FORCE_COLOR' env being set.
(Use `node --trace-warnings ...` to show where the warning was created)
(node:11302) Warning: The 'NO_COLOR' env is ignored due to the 'FORCE_COLOR' env being set.
(Use `node --trace-warnings ...` to show where the warning was created)
(node:11300) Warning: The 'NO_COLOR' env is ignored due to the 'FORCE_COLOR' env being set.
(Use `node --trace-warnings ...` to show where the warning was created)
  ✓   4 [chromium] › ../../../../Users/quyendo/Documents/Learn/JPLearn/apps/web/e2e/shell.spec.ts:20:5 › login and progress have no grammar chrome T-FLG-002 T-NEG-002 (1.8s)
  ✓   3 [chromium] › ../../../../Users/quyendo/Documents/Learn/JPLearn/apps/web/e2e/auth.spec.ts:3:5 › T-AUTH-SEC-001: open-redirect targets fall back to /, internal path is honoured (1.8s)
  ✓   1 [chromium] › ../../../../Users/quyendo/Documents/Learn/JPLearn/apps/web/e2e/hls.spec.ts:22:5 › phiên phát HLS khi item có hls_url T-NFR-P2 (2.0s)
  ✓   6 [chromium] › ../../../../Users/quyendo/Documents/Learn/JPLearn/apps/web/e2e/recovery.spec.ts:129:7 › Session recovery T-SES-REC-001 › F-01 pending active GET disables Start and cannot POST a new session T-SES-REC-001 (2.1s)
No accessibility violations detected!
No accessibility violations detected!
  ✓   8 [chromium] › ../../../../Users/quyendo/Documents/Learn/JPLearn/apps/web/e2e/auth.spec.ts:20:5 › T-AUTH-ERR-001: a 400 validation error from the API is shown verbatim in the alert (955ms)
  ✓   7 [chromium] › ../../../../Users/quyendo/Documents/Learn/JPLearn/apps/web/e2e/shell.spec.ts:33:5 › catalog shows published seed item, hides draft T-CAT-002 T-FLG-002 (1.2s)
No accessibility violations detected!
(node:11358) Warning: The 'NO_COLOR' env is ignored due to the 'FORCE_COLOR' env being set.
(Use `node --trace-warnings ...` to show where the warning was created)
No accessibility violations detected!
  ✓  10 [chromium] › ../../../../Users/quyendo/Documents/Learn/JPLearn/apps/web/e2e/recovery.spec.ts:173:9 › Session recovery T-SES-REC-001 › F-01 network during active recovery keeps the record and retries the same GET T-SES-REC-001 (1.5s)
No accessibility violations detected!
  ✓   5 [chromium] › ../../../../Users/quyendo/Documents/Learn/JPLearn/apps/web/e2e/a11y.spec.ts:62:5 › chrome learner đạt contrast AA + mọi route có document title T-NFR-A1 (3.7s)
  ✓   9 [chromium] › ../../../../Users/quyendo/Documents/Learn/JPLearn/apps/web/e2e/hls.spec.ts:55:5 › F-03 HLS lỗi vẫn fallback MP4 mà không refetch catalog T-LRN-001 (2.1s)
  ✓   2 [chromium] › ../../../../Users/quyendo/Documents/Learn/JPLearn/apps/web/e2e/staff.spec.ts:39:7 › Staff CMS T-CMS-E2E-001 › teacher drafts+uploads+submits (no publish button); admin publishes; learner sees; admin unpublishes — each step survives reload (4.2s)
  ✓  13 [chromium] › ../../../../Users/quyendo/Documents/Learn/JPLearn/apps/web/e2e/recovery.spec.ts:173:9 › Session recovery T-SES-REC-001 › F-01 HTTP 500 during outcome_unknown recovery keeps the record and retries the same GET T-SES-REC-001 (1.6s)
No accessibility violations detected!
No accessibility violations detected!
No accessibility violations detected!
  ✓  15 [chromium] › ../../../../Users/quyendo/Documents/Learn/JPLearn/apps/web/e2e/hls.spec.ts:177:5 › F-03 đổi URL hls.js cùng item khôi phục vị trí pause T-LRN-001 (1.7s)
No accessibility violations detected!
  ✓  14 [chromium] › ../../../../Users/quyendo/Documents/Learn/JPLearn/apps/web/e2e/a11y.spec.ts:79:5 › chrome staff CMS đạt contrast AA + mọi route có document title T-NFR-A1 (2.1s)
No accessibility violations detected!
  ✓  16 [chromium] › ../../../../Users/quyendo/Documents/Learn/JPLearn/apps/web/e2e/staff.spec.ts:95:7 › Staff CMS T-CMS-E2E-001 › publish without media is refused and status stays level_qa (2.2s)
No accessibility violations detected!
No accessibility violations detected!
  ✓  12 [webkit] › ../../../../Users/quyendo/Documents/Learn/JPLearn/apps/web/e2e/a11y.spec.ts:62:5 › chrome learner đạt contrast AA + mọi route có document title T-NFR-A1 (3.6s)
No accessibility violations detected!
  ✓  18 [chromium] › ../../../../Users/quyendo/Documents/Learn/JPLearn/apps/web/e2e/hls.spec.ts:182:7 › F-03 đổi URL HLS theo engine khôi phục vị trí paused T-LRN-001 (1.6s)
  ✓  20 [chromium] › ../../../../Users/quyendo/Documents/Learn/JPLearn/apps/web/e2e/staff.spec.ts:107:7 › Staff CMS T-CMS-E2E-001 › upload failure keeps the draft and shows an error (1.2s)
No accessibility violations detected!
  ✓  17 [chromium] › ../../../../Users/quyendo/Documents/Learn/JPLearn/apps/web/e2e/recovery.spec.ts:219:7 › Session recovery T-SES-REC-001 › F-01 starting replay keeps one key through HTTP 500 and malformed success T-SES-REC-001 (2.8s)
No accessibility violations detected!
No accessibility violations detected!
No accessibility violations detected!
  ✓  19 [chromium] › ../../../../Users/quyendo/Documents/Learn/JPLearn/apps/web/e2e/a11y.spec.ts:94:5 › axe: error state on login, active session state, staff detail route T-NFR-A1 (2.7s)
No accessibility violations detected!
  ✓  21 [webkit] › ../../../../Users/quyendo/Documents/Learn/JPLearn/apps/web/e2e/a11y.spec.ts:79:5 › chrome staff CMS đạt contrast AA + mọi route có document title T-NFR-A1 (1.8s)
  ✓  23 [chromium] › ../../../../Users/quyendo/Documents/Learn/JPLearn/apps/web/e2e/staff.spec.ts:119:7 › Staff CMS T-CMS-E2E-001 › stale revision → 409 → reload button loads the winner (1.3s)
  ✓  22 [chromium] › ../../../../Users/quyendo/Documents/Learn/JPLearn/apps/web/e2e/hls.spec.ts:182:7 › F-03 đổi URL HLS theo engine khôi phục vị trí playing T-LRN-001 (1.6s)
  ✓  24 [chromium] › ../../../../Users/quyendo/Documents/Learn/JPLearn/apps/web/e2e/recovery.spec.ts:268:7 › Session recovery T-SES-REC-001 › F-01 starting replay 409 is terminal and allows a new start T-SES-REC-001 (1.4s)
[F-04] chromium [{"type":"f04-native-media-keys","description":"chromium: tab-to-video=false; spaceChangedPaused=false"},{"type":"f04-play-focus-path","description":"chromium: tab-from-catalog"},{"type":"f04-pause-focus-path","description":"chromium: stayed-on-control"}]
  ✓  25 [chromium] › ../../../../Users/quyendo/Documents/Learn/JPLearn/apps/web/e2e/a11y.spec.ts:192:5 › keyboard: login form tab order and Enter-to-submit; player controls reachable T-NFR-A1 (1.1s)
  ✓  27 [chromium] › ../../../../Users/quyendo/Documents/Learn/JPLearn/apps/web/e2e/staff.spec.ts:138:7 › Staff CMS T-CMS-E2E-001 › client-side validation rejects non-mp4 in both staff forms (1.0s)
No accessibility violations detected!
(node:11402) Warning: The 'NO_COLOR' env is ignored due to the 'FORCE_COLOR' env being set.
(Use `node --trace-warnings ...` to show where the warning was created)
  ✓  28 [chromium] › ../../../../Users/quyendo/Documents/Learn/JPLearn/apps/web/e2e/hls.spec.ts:187:5 › F-03 HLS fallback lấy trạng thái play tại lúc fallback T-LRN-001 (1.5s)
  ✓  29 [chromium] › ../../../../Users/quyendo/Documents/Learn/JPLearn/apps/web/e2e/recovery.spec.ts:298:7 › Session recovery T-SES-REC-001 › F-01 starting replay returned ended does not restore End or send it twice T-SES-REC-001 (1.2s)
No accessibility violations detected!
No accessibility violations detected!
(node:11413) Warning: The 'NO_COLOR' env is ignored due to the 'FORCE_COLOR' env being set.
(Use `node --trace-warnings ...` to show where the warning was created)
No accessibility violations detected!
  ✓  26 [webkit] › ../../../../Users/quyendo/Documents/Learn/JPLearn/apps/web/e2e/a11y.spec.ts:94:5 › axe: error state on login, active session state, staff detail route T-NFR-A1 (3.0s)
  ✓  31 [webkit] › ../../../../Users/quyendo/Documents/Learn/JPLearn/apps/web/e2e/auth.spec.ts:3:5 › T-AUTH-SEC-001: open-redirect targets fall back to /, internal path is honoured (1.5s)
  ✓  30 [chromium] › ../../../../Users/quyendo/Documents/Learn/JPLearn/apps/web/e2e/a11y.spec.ts:294:5 › F-04 recovery and summary errors expose role=alert T-NFR-A1 (2.3s)
  ✓  32 [chromium] › ../../../../Users/quyendo/Documents/Learn/JPLearn/apps/web/e2e/recovery.spec.ts:330:7 › Session recovery T-SES-REC-001 › F-01 replay 401 redirects to login without deleting the user recovery record T-SES-REC-001 (1.6s)
(node:11431) Warning: The 'NO_COLOR' env is ignored due to the 'FORCE_COLOR' env being set.
(Use `node --trace-warnings ...` to show where the warning was created)
  ✓  33 [webkit] › ../../../../Users/quyendo/Documents/Learn/JPLearn/apps/web/e2e/hls.spec.ts:22:5 › phiên phát HLS khi item có hls_url T-NFR-P2 (1.4s)
  ✓  35 [webkit] › ../../../../Users/quyendo/Documents/Learn/JPLearn/apps/web/e2e/auth.spec.ts:20:5 › T-AUTH-ERR-001: a 400 validation error from the API is shown verbatim in the alert (895ms)
[F-04] webkit [{"type":"f04-native-media-keys","description":"webkit: tab-to-video=false; spaceChangedPaused=false"},{"type":"f04-play-focus-path","description":"webkit: tab-from-catalog"},{"type":"f04-pause-focus-path","description":"webkit: stayed-on-control"}]
  ✓  34 [webkit] › ../../../../Users/quyendo/Documents/Learn/JPLearn/apps/web/e2e/a11y.spec.ts:192:5 › keyboard: login form tab order and Enter-to-submit; player controls reachable T-NFR-A1 (1.6s)
  ✓  36 [chromium] › ../../../../Users/quyendo/Documents/Learn/JPLearn/apps/web/e2e/recovery.spec.ts:360:9 › Session recovery T-SES-REC-001 › F-01 GET 403 clears only the unusable record with an explicit terminal status T-SES-REC-001 (1.4s)
  ✓  39 [webkit] › ../../../../Users/quyendo/Documents/Learn/JPLearn/apps/web/e2e/shell.spec.ts:20:5 › login and progress have no grammar chrome T-FLG-002 T-NEG-002 (1.2s)
  ✓  37 [webkit] › ../../../../Users/quyendo/Documents/Learn/JPLearn/apps/web/e2e/recovery.spec.ts:129:7 › Session recovery T-SES-REC-001 › F-01 pending active GET disables Start and cannot POST a new session T-SES-REC-001 (1.7s)
  ✓  38 [webkit] › ../../../../Users/quyendo/Documents/Learn/JPLearn/apps/web/e2e/hls.spec.ts:55:5 › F-03 HLS lỗi vẫn fallback MP4 mà không refetch catalog T-LRN-001 (2.2s)
  ✓  41 [chromium] › ../../../../Users/quyendo/Documents/Learn/JPLearn/apps/web/e2e/recovery.spec.ts:360:9 › Session recovery T-SES-REC-001 › F-01 GET 404 clears only the unusable record with an explicit terminal status T-SES-REC-001 (1.4s)
  ✓  42 [webkit] › ../../../../Users/quyendo/Documents/Learn/JPLearn/apps/web/e2e/shell.spec.ts:33:5 › catalog shows published seed item, hides draft T-CAT-002 T-FLG-002 (1.1s)
  ✓  40 [webkit] › ../../../../Users/quyendo/Documents/Learn/JPLearn/apps/web/e2e/a11y.spec.ts:294:5 › F-04 recovery and summary errors expose role=alert T-NFR-A1 (2.3s)
  ✓  43 [webkit] › ../../../../Users/quyendo/Documents/Learn/JPLearn/apps/web/e2e/recovery.spec.ts:173:9 › Session recovery T-SES-REC-001 › F-01 network during active recovery keeps the record and retries the same GET T-SES-REC-001 (1.5s)
  ✓  44 [webkit] › ../../../../Users/quyendo/Documents/Learn/JPLearn/apps/web/e2e/hls.spec.ts:177:5 › F-03 đổi URL hls.js cùng item khôi phục vị trí pause T-LRN-001 (1.6s)
  ✓  45 [chromium] › ../../../../Users/quyendo/Documents/Learn/JPLearn/apps/web/e2e/recovery.spec.ts:390:7 › Session recovery T-SES-REC-001 › F-01 late recovery response cannot overwrite state after the user changes T-SES-REC-001 (1.7s)
  ✓  48 [webkit] › ../../../../Users/quyendo/Documents/Learn/JPLearn/apps/web/e2e/recovery.spec.ts:173:9 › Session recovery T-SES-REC-001 › F-01 HTTP 500 during outcome_unknown recovery keeps the record and retries the same GET T-SES-REC-001 (1.5s)
  ✓  49 [webkit] › ../../../../Users/quyendo/Documents/Learn/JPLearn/apps/web/e2e/hls.spec.ts:182:7 › F-03 đổi URL HLS theo engine khôi phục vị trí paused T-LRN-001 (1.7s)
  ✓  50 [chromium] › ../../../../Users/quyendo/Documents/Learn/JPLearn/apps/web/e2e/recovery.spec.ts:435:7 › Session recovery T-SES-REC-001 › start response lost after commit → reload replays same key → one session (2.2s)
  ✓  46 [webkit] › ../../../../Users/quyendo/Documents/Learn/JPLearn/apps/web/e2e/staff.spec.ts:39:7 › Staff CMS T-CMS-E2E-001 › teacher drafts+uploads+submits (no publish button); admin publishes; learner sees; admin unpublishes — each step survives reload (4.1s)
  ✓  52 [webkit] › ../../../../Users/quyendo/Documents/Learn/JPLearn/apps/web/e2e/hls.spec.ts:182:7 › F-03 đổi URL HLS theo engine khôi phục vị trí playing T-LRN-001 (1.6s)
  ✓  51 [webkit] › ../../../../Users/quyendo/Documents/Learn/JPLearn/apps/web/e2e/recovery.spec.ts:219:7 › Session recovery T-SES-REC-001 › F-01 starting replay keeps one key through HTTP 500 and malformed success T-SES-REC-001 (2.5s)
  ✓  53 [chromium] › ../../../../Users/quyendo/Documents/Learn/JPLearn/apps/web/e2e/recovery.spec.ts:462:7 › Session recovery T-SES-REC-001 › started → reload → route away and back → session still active, end works once (1.4s)
  ✓  56 [webkit] › ../../../../Users/quyendo/Documents/Learn/JPLearn/apps/web/e2e/recovery.spec.ts:268:7 › Session recovery T-SES-REC-001 › F-01 starting replay 409 is terminal and allows a new start T-SES-REC-001 (1.3s)
  ✓  55 [webkit] › ../../../../Users/quyendo/Documents/Learn/JPLearn/apps/web/e2e/hls.spec.ts:187:5 › F-03 HLS fallback lấy trạng thái play tại lúc fallback T-LRN-001 (1.7s)
  ✓  57 [chromium] › ../../../../Users/quyendo/Documents/Learn/JPLearn/apps/web/e2e/recovery.spec.ts:482:7 › Session recovery T-SES-REC-001 › F-02 end response lost after commit → GET confirms ended → real summary shown, no second end T-SES-REC-001 (1.1s)
  ✓  54 [webkit] › ../../../../Users/quyendo/Documents/Learn/JPLearn/apps/web/e2e/staff.spec.ts:95:7 › Staff CMS T-CMS-E2E-001 › publish without media is refused and status stays level_qa (2.2s)
  ✓  58 [webkit] › ../../../../Users/quyendo/Documents/Learn/JPLearn/apps/web/e2e/recovery.spec.ts:298:7 › Session recovery T-SES-REC-001 › F-01 starting replay returned ended does not restore End or send it twice T-SES-REC-001 (1.3s)
  ✓  60 [webkit] › ../../../../Users/quyendo/Documents/Learn/JPLearn/apps/web/e2e/staff.spec.ts:107:7 › Staff CMS T-CMS-E2E-001 › upload failure keeps the draft and shows an error (1.2s)
  ✓  59 [chromium] › ../../../../Users/quyendo/Documents/Learn/JPLearn/apps/web/e2e/recovery.spec.ts:511:7 › Session recovery T-SES-REC-001 › F-02 progress HTTP 500 after ended confirmation keeps recovery and retry loads summary without second end T-SES-REC-001 (1.2s)
  ✓  62 [webkit] › ../../../../Users/quyendo/Documents/Learn/JPLearn/apps/web/e2e/staff.spec.ts:119:7 › Staff CMS T-CMS-E2E-001 › stale revision → 409 → reload button loads the winner (1.8s)
  ✓  63 [chromium] › ../../../../Users/quyendo/Documents/Learn/JPLearn/apps/web/e2e/recovery.spec.ts:555:7 › Session recovery T-SES-REC-001 › F-02 reload with progress offline keeps ended reference and next reload loads summary without POST end T-SES-REC-001 (1.7s)
  ✓  64 [webkit] › ../../../../Users/quyendo/Documents/Learn/JPLearn/apps/web/e2e/staff.spec.ts:138:7 › Staff CMS T-CMS-E2E-001 › client-side validation rejects non-mp4 in both staff forms (1.0s)
  ✓  65 [chromium] › ../../../../Users/quyendo/Documents/Learn/JPLearn/apps/web/e2e/recovery.spec.ts:605:7 › Session recovery T-SES-REC-001 › end and status check both offline → not reported ended, record kept for retry (1.2s)
  ✓  66 [chromium] › ../../../../Users/quyendo/Documents/Learn/JPLearn/apps/web/e2e/recovery.spec.ts:629:7 › Session recovery T-SES-REC-001 › two tabs same user keep independent records; switching user hides previous record (1.5s)
  ✓  67 [chromium] › ../../../../Users/quyendo/Documents/Learn/JPLearn/apps/web/e2e/recovery.spec.ts:660:7 › Session recovery T-SES-REC-001 › F-03 recovery persists the chosen default item but never media URLs T-SES-REC-001 T-LRN-001 (1.1s)
  ✘  61 [webkit] › ../../../../Users/quyendo/Documents/Learn/JPLearn/apps/web/e2e/recovery.spec.ts:330:7 › Session recovery T-SES-REC-001 › F-01 replay 401 redirects to login without deleting the user recovery record T-SES-REC-001 (6.3s)
(node:11497) Warning: The 'NO_COLOR' env is ignored due to the 'FORCE_COLOR' env being set.
(Use `node --trace-warnings ...` to show where the warning was created)
  ✓  68 [chromium] › ../../../../Users/quyendo/Documents/Learn/JPLearn/apps/web/e2e/recovery.spec.ts:677:7 › Session recovery T-SES-REC-001 › F-03 legacy session without item persists the first default once T-SES-REC-001 T-LRN-001 (1.1s)
  ✓  69 [webkit] › ../../../../Users/quyendo/Documents/Learn/JPLearn/apps/web/e2e/recovery.spec.ts:360:9 › Session recovery T-SES-REC-001 › F-01 GET 403 clears only the unusable record with an explicit terminal status T-SES-REC-001 (1.6s)
  ✓  70 [chromium] › ../../../../Users/quyendo/Documents/Learn/JPLearn/apps/web/e2e/recovery.spec.ts:694:7 › Session recovery T-SES-REC-001 › F-03 MP4 failure refetches a changed real URL and restores paused position T-LRN-001 (2.3s)
  ✓  71 [webkit] › ../../../../Users/quyendo/Documents/Learn/JPLearn/apps/web/e2e/recovery.spec.ts:360:9 › Session recovery T-SES-REC-001 › F-01 GET 404 clears only the unusable record with an explicit terminal status T-SES-REC-001 (1.5s)
  ✓  72 [chromium] › ../../../../Users/quyendo/Documents/Learn/JPLearn/apps/web/e2e/recovery.spec.ts:748:7 › Session recovery T-SES-REC-001 › F-03 manual retry remains usable after choosing a default and another source failure T-LRN-001 (1.6s)
  ✓  73 [webkit] › ../../../../Users/quyendo/Documents/Learn/JPLearn/apps/web/e2e/recovery.spec.ts:390:7 › Session recovery T-SES-REC-001 › F-01 late recovery response cannot overwrite state after the user changes T-SES-REC-001 (1.9s)
  ✓  74 [chromium] › ../../../../Users/quyendo/Documents/Learn/JPLearn/apps/web/e2e/recovery.spec.ts:794:7 › Session recovery T-SES-REC-001 › F-03 dual-source faults use one auto refetch and manual retry starts a new cycle T-LRN-001 (1.5s)
  ✓  75 [webkit] › ../../../../Users/quyendo/Documents/Learn/JPLearn/apps/web/e2e/recovery.spec.ts:435:7 › Session recovery T-SES-REC-001 › start response lost after commit → reload replays same key → one session (2.1s)
  ✓  76 [chromium] › ../../../../Users/quyendo/Documents/Learn/JPLearn/apps/web/e2e/recovery.spec.ts:840:7 › Session recovery T-SES-REC-001 › F-03 real unpublish keeps target unavailable instead of playing another item T-SES-REC-001 T-LRN-001 (2.4s)
  ✓  77 [webkit] › ../../../../Users/quyendo/Documents/Learn/JPLearn/apps/web/e2e/recovery.spec.ts:462:7 › Session recovery T-SES-REC-001 › started → reload → route away and back → session still active, end works once (1.3s)
  ✓  78 [webkit] › ../../../../Users/quyendo/Documents/Learn/JPLearn/apps/web/e2e/recovery.spec.ts:482:7 › Session recovery T-SES-REC-001 › F-02 end response lost after commit → GET confirms ended → real summary shown, no second end T-SES-REC-001 (1.3s)
  ✓  79 [webkit] › ../../../../Users/quyendo/Documents/Learn/JPLearn/apps/web/e2e/recovery.spec.ts:511:7 › Session recovery T-SES-REC-001 › F-02 progress HTTP 500 after ended confirmation keeps recovery and retry loads summary without second end T-SES-REC-001 (1.4s)
  ✓  80 [webkit] › ../../../../Users/quyendo/Documents/Learn/JPLearn/apps/web/e2e/recovery.spec.ts:555:7 › Session recovery T-SES-REC-001 › F-02 reload with progress offline keeps ended reference and next reload loads summary without POST end T-SES-REC-001 (1.6s)
  ✘  81 [webkit] › ../../../../Users/quyendo/Documents/Learn/JPLearn/apps/web/e2e/recovery.spec.ts:605:7 › Session recovery T-SES-REC-001 › end and status check both offline → not reported ended, record kept for retry (6.3s)
(node:11661) Warning: The 'NO_COLOR' env is ignored due to the 'FORCE_COLOR' env being set.
(Use `node --trace-warnings ...` to show where the warning was created)
  ✓  82 [webkit] › ../../../../Users/quyendo/Documents/Learn/JPLearn/apps/web/e2e/recovery.spec.ts:629:7 › Session recovery T-SES-REC-001 › two tabs same user keep independent records; switching user hides previous record (2.1s)
  ✓  83 [webkit] › ../../../../Users/quyendo/Documents/Learn/JPLearn/apps/web/e2e/recovery.spec.ts:660:7 › Session recovery T-SES-REC-001 › F-03 recovery persists the chosen default item but never media URLs T-SES-REC-001 T-LRN-001 (1.2s)
  ✓  84 [webkit] › ../../../../Users/quyendo/Documents/Learn/JPLearn/apps/web/e2e/recovery.spec.ts:677:7 › Session recovery T-SES-REC-001 › F-03 legacy session without item persists the first default once T-SES-REC-001 T-LRN-001 (1.2s)
  ✓  85 [webkit] › ../../../../Users/quyendo/Documents/Learn/JPLearn/apps/web/e2e/recovery.spec.ts:694:7 › Session recovery T-SES-REC-001 › F-03 MP4 failure refetches a changed real URL and restores paused position T-LRN-001 (2.2s)
  ✓  86 [webkit] › ../../../../Users/quyendo/Documents/Learn/JPLearn/apps/web/e2e/recovery.spec.ts:748:7 › Session recovery T-SES-REC-001 › F-03 manual retry remains usable after choosing a default and another source failure T-LRN-001 (1.8s)
  ✓  87 [webkit] › ../../../../Users/quyendo/Documents/Learn/JPLearn/apps/web/e2e/recovery.spec.ts:794:7 › Session recovery T-SES-REC-001 › F-03 dual-source faults use one auto refetch and manual retry starts a new cycle T-LRN-001 (1.7s)
  ✓  88 [webkit] › ../../../../Users/quyendo/Documents/Learn/JPLearn/apps/web/e2e/recovery.spec.ts:840:7 › Session recovery T-SES-REC-001 › F-03 real unpublish keeps target unavailable instead of playing another item T-SES-REC-001 T-LRN-001 (2.3s)
  ✓  11 [chromium] › ../../../../Users/quyendo/Documents/Learn/JPLearn/apps/web/e2e/sync.spec.ts:10:5 › UC-L06 cùng user hai client: cùng catalog published, cùng minutes_comprehensible (2.2m)
  ✓  47 [webkit] › ../../../../Users/quyendo/Documents/Learn/JPLearn/apps/web/e2e/sync.spec.ts:10:5 › UC-L06 cùng user hai client: cùng catalog published, cùng minutes_comprehensible (2.2m)


  1) [webkit] › ../../../../Users/quyendo/Documents/Learn/JPLearn/apps/web/e2e/recovery.spec.ts:330:7 › Session recovery T-SES-REC-001 › F-01 replay 401 redirects to login without deleting the user recovery record T-SES-REC-001 

    Error: expect(page).toHaveURL(expected) failed

    Expected pattern: /\/login\?redirect=%2Fsession/
    Received string:  "http://localhost:55711/session"
    Timeout: 5000ms

    Call log:
      - Expect "toHaveURL" with timeout 5000ms
        14 × locator resolved to <html lang="vi">…</html>
           - unexpected value "http://localhost:55711/session"


      353 |
      354 |     await page.reload();
    > 355 |     await expect(page).toHaveURL(/\/login\?redirect=%2Fsession/);
          |                        ^
      356 |     expect(await readRecord(page, userId)).toEqual(starting);
      357 |   });
      358 |
        at /Users/quyendo/Documents/Learn/JPLearn/apps/web/e2e/recovery.spec.ts:355:24

    Error Context: ../../../../tmp/jplearn-e2e-20260906232531_26121/test-results/recovery-Session-recovery--728ee-covery-record-T-SES-REC-001-webkit/error-context.md

  2) [webkit] › ../../../../Users/quyendo/Documents/Learn/JPLearn/apps/web/e2e/recovery.spec.ts:605:7 › Session recovery T-SES-REC-001 › end and status check both offline → not reported ended, record kept for retry 

    Error: expect(locator).toBeVisible() failed

    Locator: getByText('Tổng kết phiên học')
    Expected: visible
    Timeout: 5000ms
    Error: element(s) not found

    Call log:
      - Expect "toBeVisible" with timeout 5000ms
      - waiting for getByText('Tổng kết phiên học')


      624 |     await expect(page.getByText(/đang chạy/)).toBeVisible();
      625 |     await page.getByRole("button", { name: "Kết thúc phiên" }).click();
    > 626 |     await expect(page.getByText("Tổng kết phiên học")).toBeVisible();
          |                                                        ^
      627 |   });
      628 |
      629 |   test("two tabs same user keep independent records; switching user hides previous record", async ({ browser }) => {
        at /Users/quyendo/Documents/Learn/JPLearn/apps/web/e2e/recovery.spec.ts:626:56

    Error Context: ../../../../tmp/jplearn-e2e-20260906232531_26121/test-results/recovery-Session-recovery--b4e3d-ended-record-kept-for-retry-webkit/error-context.md

  2 failed
    [webkit] › ../../../../Users/quyendo/Documents/Learn/JPLearn/apps/web/e2e/recovery.spec.ts:330:7 › Session recovery T-SES-REC-001 › F-01 replay 401 redirects to login without deleting the user recovery record T-SES-REC-001 
    [webkit] › ../../../../Users/quyendo/Documents/Learn/JPLearn/apps/web/e2e/recovery.spec.ts:605:7 › Session recovery T-SES-REC-001 › end and status check both offline → not reported ended, record kept for retry 
  86 passed (2.5m)
== Cleaning up E2E resources [run=20260906232531_26121] ==
== E2E run finished (exit 1). Evidence preserved at: /tmp/jplearn-e2e-20260906232531_26121 ==
