== 1/5 docker db-test (Alembic migrate + seed) [project=jplearn-web-e2e-20260906232315_10866] ==
== 2/5 FastAPI :54485 ==
== 3/5 seed nội dung published + HLS thật ==
   published item 00000000-0000-4000-8000-0000000000c1, asset e758e602-0400-46da-b078-9f76aa79dd64 (+hls)
== 3b/5 teacher E2E account (isolated DB only) ==
granted teacher to teacher@e2e.local
== 4/5 web :54486 → API :54485 [workspace=/tmp/jplearn-e2e-20260906232315_10866/web] ==
== 5/5 playwright --project=chromium --project=webkit --grep manual retry remains usable ==

Running 2 tests using 2 workers

(node:10129) Warning: The 'NO_COLOR' env is ignored due to the 'FORCE_COLOR' env being set.
(Use `node --trace-warnings ...` to show where the warning was created)
(node:10130) Warning: The 'NO_COLOR' env is ignored due to the 'FORCE_COLOR' env being set.
(Use `node --trace-warnings ...` to show where the warning was created)
  ✘  2 [chromium] › ../../../../Users/quyendo/Documents/Learn/JPLearn/apps/web/e2e/recovery.spec.ts:748:7 › Session recovery T-SES-REC-001 › F-03 manual retry remains usable after choosing a default and another source failure T-LRN-001 (7.3s)
  ✘  1 [webkit] › ../../../../Users/quyendo/Documents/Learn/JPLearn/apps/web/e2e/recovery.spec.ts:748:7 › Session recovery T-SES-REC-001 › F-03 manual retry remains usable after choosing a default and another source failure T-LRN-001 (7.4s)


  1) [chromium] › ../../../../Users/quyendo/Documents/Learn/JPLearn/apps/web/e2e/recovery.spec.ts:748:7 › Session recovery T-SES-REC-001 › F-03 manual retry remains usable after choosing a default and another source failure T-LRN-001 

    Error: expect(locator).toBeEnabled() failed

    Locator:  getByRole('button', { name: 'Thử tải lại video' })
    Expected: enabled
    Received: disabled
    Timeout:  5000ms

    Call log:
      - Expect "toBeEnabled" with timeout 5000ms
      - waiting for getByRole('button', { name: 'Thử tải lại video' })
        14 × locator resolved to <button disabled type="button">Thử tải lại video</button>
           - unexpected value "disabled"


      784 |     expect(catalogGets).toBe(3);
      785 |     const retry = page.getByRole("button", { name: "Thử tải lại video" });
    > 786 |     await expect(retry).toBeEnabled();
          |                         ^
      787 |     await retry.click();
      788 |     await expect.poll(() => catalogGets).toBe(4);
      789 |     await page.waitForFunction(() => (document.querySelector("video")?.readyState ?? 0) >= 1);
        at /Users/quyendo/Documents/Learn/JPLearn/apps/web/e2e/recovery.spec.ts:786:25

    Error Context: ../../../../tmp/jplearn-e2e-20260906232315_10866/test-results/recovery-Session-recovery--e3bfa-er-source-failure-T-LRN-001-chromium/error-context.md

  2) [webkit] › ../../../../Users/quyendo/Documents/Learn/JPLearn/apps/web/e2e/recovery.spec.ts:748:7 › Session recovery T-SES-REC-001 › F-03 manual retry remains usable after choosing a default and another source failure T-LRN-001 

    Error: expect(locator).toBeEnabled() failed

    Locator:  getByRole('button', { name: 'Thử tải lại video' })
    Expected: enabled
    Received: disabled
    Timeout:  5000ms

    Call log:
      - Expect "toBeEnabled" with timeout 5000ms
      - waiting for getByRole('button', { name: 'Thử tải lại video' })
        14 × locator resolved to <button disabled type="button">Thử tải lại video</button>
           - unexpected value "disabled"


      784 |     expect(catalogGets).toBe(3);
      785 |     const retry = page.getByRole("button", { name: "Thử tải lại video" });
    > 786 |     await expect(retry).toBeEnabled();
          |                         ^
      787 |     await retry.click();
      788 |     await expect.poll(() => catalogGets).toBe(4);
      789 |     await page.waitForFunction(() => (document.querySelector("video")?.readyState ?? 0) >= 1);
        at /Users/quyendo/Documents/Learn/JPLearn/apps/web/e2e/recovery.spec.ts:786:25

    Error Context: ../../../../tmp/jplearn-e2e-20260906232315_10866/test-results/recovery-Session-recovery--e3bfa-er-source-failure-T-LRN-001-webkit/error-context.md

  2 failed
    [chromium] › ../../../../Users/quyendo/Documents/Learn/JPLearn/apps/web/e2e/recovery.spec.ts:748:7 › Session recovery T-SES-REC-001 › F-03 manual retry remains usable after choosing a default and another source failure T-LRN-001 
    [webkit] › ../../../../Users/quyendo/Documents/Learn/JPLearn/apps/web/e2e/recovery.spec.ts:748:7 › Session recovery T-SES-REC-001 › F-03 manual retry remains usable after choosing a default and another source failure T-LRN-001 
== Cleaning up E2E resources [run=20260906232315_10866] ==
== E2E run finished (exit 1). Evidence preserved at: /tmp/jplearn-e2e-20260906232315_10866 ==
