== 1/5 docker db-test (Alembic migrate + seed) [project=jplearn-web-e2e-20260908151454_963] ==
== 2/5 FastAPI :49308 ==
== 3/5 seed nội dung published + HLS thật ==
   published item 00000000-0000-4000-8000-0000000000c1, asset cae68a13-b21e-46fc-b50f-e30d80c7b13b (+hls)
== 3b/5 teacher E2E account (isolated DB only) ==
granted teacher to teacher@e2e.local
== 4/5 web :49309 → API :49308 [workspace=/tmp/jplearn-e2e-20260908151454_963/web] ==
== 5/5 playwright  ==

Running 88 tests using 6 workers

(node:66615) Warning: The 'NO_COLOR' env is ignored due to the 'FORCE_COLOR' env being set.
(Use `node --trace-warnings ...` to show where the warning was created)
(node:66616) Warning: The 'NO_COLOR' env is ignored due to the 'FORCE_COLOR' env being set.
(Use `node --trace-warnings ...` to show where the warning was created)
(node:66613) Warning: The 'NO_COLOR' env is ignored due to the 'FORCE_COLOR' env being set.
(Use `node --trace-warnings ...` to show where the warning was created)
(node:66611) Warning: The 'NO_COLOR' env is ignored due to the 'FORCE_COLOR' env being set.
(Use `node --trace-warnings ...` to show where the warning was created)
(node:66612) Warning: The 'NO_COLOR' env is ignored due to the 'FORCE_COLOR' env being set.
(Use `node --trace-warnings ...` to show where the warning was created)
(node:66614) Warning: The 'NO_COLOR' env is ignored due to the 'FORCE_COLOR' env being set.
(Use `node --trace-warnings ...` to show where the warning was created)
  ✓   2 [chromium] › ../../jplearn-integrate-main-20260908/apps/web/e2e/shell.spec.ts:20:5 › login and progress have no grammar chrome T-FLG-002 T-NEG-002 (1.4s)
  ✓   1 [chromium] › ../../jplearn-integrate-main-20260908/apps/web/e2e/auth.spec.ts:3:5 › T-AUTH-SEC-001: open-redirect targets fall back to /, internal path is honoured (1.5s)
  ✓   3 [chromium] › ../../jplearn-integrate-main-20260908/apps/web/e2e/hls.spec.ts:22:5 › phiên phát HLS khi item có hls_url T-NFR-P2 (1.5s)
  ✓   5 [chromium] › ../../jplearn-integrate-main-20260908/apps/web/e2e/recovery.spec.ts:130:7 › Session recovery T-SES-REC-001 › F-01 pending active GET disables Start and cannot POST a new session T-SES-REC-001 (1.9s)
  ✓   8 [chromium] › ../../jplearn-integrate-main-20260908/apps/web/e2e/auth.spec.ts:20:5 › T-AUTH-ERR-001: a 400 validation error from the API is shown verbatim in the alert (1.3s)
  ✓   7 [chromium] › ../../jplearn-integrate-main-20260908/apps/web/e2e/shell.spec.ts:33:5 › catalog shows published seed item, hides draft T-CAT-002 T-FLG-002 (1.4s)
(node:66677) Warning: The 'NO_COLOR' env is ignored due to the 'FORCE_COLOR' env being set.
(Use `node --trace-warnings ...` to show where the warning was created)
No accessibility violations detected!
No accessibility violations detected!
  ✓  10 [chromium] › ../../jplearn-integrate-main-20260908/apps/web/e2e/recovery.spec.ts:174:9 › Session recovery T-SES-REC-001 › F-01 network during active recovery keeps the record and retries the same GET T-SES-REC-001 (2.2s)
  ✓   9 [chromium] › ../../jplearn-integrate-main-20260908/apps/web/e2e/hls.spec.ts:55:5 › F-03 HLS lỗi vẫn fallback MP4 mà không refetch catalog T-LRN-001 (2.9s)
No accessibility violations detected!
  ✓   4 [chromium] › ../../jplearn-integrate-main-20260908/apps/web/e2e/staff.spec.ts:39:7 › Staff CMS T-CMS-E2E-001 › teacher drafts+uploads+submits (no publish button); admin publishes; learner sees; admin unpublishes — each step survives reload (5.3s)
No accessibility violations detected!
No accessibility violations detected!
  ✓   6 [chromium] › ../../jplearn-integrate-main-20260908/apps/web/e2e/a11y.spec.ts:62:5 › chrome learner đạt contrast AA + mọi route có document title T-NFR-A1 (6.3s)
No accessibility violations detected!
  ✓  13 [chromium] › ../../jplearn-integrate-main-20260908/apps/web/e2e/recovery.spec.ts:174:9 › Session recovery T-SES-REC-001 › F-01 HTTP 500 during outcome_unknown recovery keeps the record and retries the same GET T-SES-REC-001 (2.6s)
No accessibility violations detected!
  ✓  14 [chromium] › ../../jplearn-integrate-main-20260908/apps/web/e2e/hls.spec.ts:177:5 › F-03 đổi URL hls.js cùng item khôi phục vị trí pause T-LRN-001 (2.6s)
No accessibility violations detected!
No accessibility violations detected!
  ✓  15 [chromium] › ../../jplearn-integrate-main-20260908/apps/web/e2e/staff.spec.ts:98:7 › Staff CMS T-CMS-E2E-001 › publish without media is refused and status stays level_qa (2.6s)
No accessibility violations detected!
  ✓  12 [webkit] › ../../jplearn-integrate-main-20260908/apps/web/e2e/a11y.spec.ts:62:5 › chrome learner đạt contrast AA + mọi route có document title T-NFR-A1 (4.9s)
No accessibility violations detected!
No accessibility violations detected!
  ✓  16 [chromium] › ../../jplearn-integrate-main-20260908/apps/web/e2e/a11y.spec.ts:79:5 › chrome staff CMS đạt contrast AA + mọi route có document title T-NFR-A1 (2.9s)
  ✓  18 [chromium] › ../../jplearn-integrate-main-20260908/apps/web/e2e/hls.spec.ts:182:7 › F-03 đổi URL HLS theo engine khôi phục vị trí paused T-LRN-001 (2.2s)
  ✓  19 [chromium] › ../../jplearn-integrate-main-20260908/apps/web/e2e/staff.spec.ts:110:7 › Staff CMS T-CMS-E2E-001 › upload failure keeps the draft and shows an error (1.6s)
No accessibility violations detected!
  ✓  17 [chromium] › ../../jplearn-integrate-main-20260908/apps/web/e2e/recovery.spec.ts:220:7 › Session recovery T-SES-REC-001 › F-01 starting replay keeps one key through HTTP 500 and malformed success T-SES-REC-001 (3.4s)
No accessibility violations detected!
No accessibility violations detected!
  ✓  20 [webkit] › ../../jplearn-integrate-main-20260908/apps/web/e2e/a11y.spec.ts:79:5 › chrome staff CMS đạt contrast AA + mọi route có document title T-NFR-A1 (3.0s)
  ✓  23 [chromium] › ../../jplearn-integrate-main-20260908/apps/web/e2e/staff.spec.ts:122:7 › Staff CMS T-CMS-E2E-001 › stale revision → 409 → reload button loads the winner (1.9s)
  ✓  22 [chromium] › ../../jplearn-integrate-main-20260908/apps/web/e2e/hls.spec.ts:182:7 › F-03 đổi URL HLS theo engine khôi phục vị trí playing T-LRN-001 (2.4s)
  ✓  24 [chromium] › ../../jplearn-integrate-main-20260908/apps/web/e2e/recovery.spec.ts:269:7 › Session recovery T-SES-REC-001 › F-01 starting replay 409 is terminal and allows a new start T-SES-REC-001 (1.7s)
No accessibility violations detected!
No accessibility violations detected!
  ✓  26 [chromium] › ../../jplearn-integrate-main-20260908/apps/web/e2e/staff.spec.ts:141:7 › Staff CMS T-CMS-E2E-001 › client-side validation rejects non-mp4 in both staff forms (1.2s)
No accessibility violations detected!
No accessibility violations detected!
  ✓  21 [chromium] › ../../jplearn-integrate-main-20260908/apps/web/e2e/a11y.spec.ts:94:5 › axe: error state on login, active session state, staff detail route T-NFR-A1 (3.7s)
(node:66797) Warning: The 'NO_COLOR' env is ignored due to the 'FORCE_COLOR' env being set.
(Use `node --trace-warnings ...` to show where the warning was created)
  ✓  28 [chromium] › ../../jplearn-integrate-main-20260908/apps/web/e2e/recovery.spec.ts:299:7 › Session recovery T-SES-REC-001 › F-01 starting replay returned ended does not restore End or send it twice T-SES-REC-001 (1.5s)
  ✓  27 [chromium] › ../../jplearn-integrate-main-20260908/apps/web/e2e/hls.spec.ts:187:5 › F-03 HLS fallback lấy trạng thái play tại lúc fallback T-LRN-001 (1.9s)
No accessibility violations detected!
No accessibility violations detected!
(node:66824) Warning: The 'NO_COLOR' env is ignored due to the 'FORCE_COLOR' env being set.
(Use `node --trace-warnings ...` to show where the warning was created)
[F-04] chromium [{"type":"f04-native-media-keys","description":"chromium: tab-to-video=false; spaceChangedPaused=false"},{"type":"f04-play-focus-path","description":"chromium: tab-from-catalog"},{"type":"f04-pause-focus-path","description":"chromium: stayed-on-control"}]
  ✓  29 [chromium] › ../../jplearn-integrate-main-20260908/apps/web/e2e/a11y.spec.ts:192:5 › keyboard: login form tab order and Enter-to-submit; player controls reachable T-NFR-A1 (1.2s)
No accessibility violations detected!
  ✓  25 [webkit] › ../../jplearn-integrate-main-20260908/apps/web/e2e/a11y.spec.ts:94:5 › axe: error state on login, active session state, staff detail route T-NFR-A1 (3.7s)
  ✓  30 [webkit] › ../../jplearn-integrate-main-20260908/apps/web/e2e/auth.spec.ts:3:5 › T-AUTH-SEC-001: open-redirect targets fall back to /, internal path is honoured (1.8s)
  ✓  31 [chromium] › ../../jplearn-integrate-main-20260908/apps/web/e2e/recovery.spec.ts:331:7 › Session recovery T-SES-REC-001 › F-01 replay 401 redirects to login without deleting the user recovery record T-SES-REC-001 (2.0s)
  ✓  32 [webkit] › ../../jplearn-integrate-main-20260908/apps/web/e2e/hls.spec.ts:22:5 › phiên phát HLS khi item có hls_url T-NFR-P2 (1.6s)
  ✓  35 [webkit] › ../../jplearn-integrate-main-20260908/apps/web/e2e/auth.spec.ts:20:5 › T-AUTH-ERR-001: a 400 validation error from the API is shown verbatim in the alert (950ms)
[F-04] webkit [{"type":"f04-native-media-keys","description":"webkit: tab-to-video=false; spaceChangedPaused=false"},{"type":"f04-play-focus-path","description":"webkit: tab-from-catalog"},{"type":"f04-pause-focus-path","description":"webkit: stayed-on-control"}]
  ✓  34 [webkit] › ../../jplearn-integrate-main-20260908/apps/web/e2e/a11y.spec.ts:192:5 › keyboard: login form tab order and Enter-to-submit; player controls reachable T-NFR-A1 (1.6s)
  ✓  33 [chromium] › ../../jplearn-integrate-main-20260908/apps/web/e2e/a11y.spec.ts:294:5 › F-04 recovery and summary errors expose role=alert T-NFR-A1 (2.7s)
  ✓  36 [chromium] › ../../jplearn-integrate-main-20260908/apps/web/e2e/recovery.spec.ts:363:9 › Session recovery T-SES-REC-001 › F-01 GET 403 clears only the unusable record with an explicit terminal status T-SES-REC-001 (1.6s)
(node:66867) Warning: The 'NO_COLOR' env is ignored due to the 'FORCE_COLOR' env being set.
(Use `node --trace-warnings ...` to show where the warning was created)
  ✓  38 [webkit] › ../../jplearn-integrate-main-20260908/apps/web/e2e/recovery.spec.ts:130:7 › Session recovery T-SES-REC-001 › F-01 pending active GET disables Start and cannot POST a new session T-SES-REC-001 (1.7s)
  ✓  37 [webkit] › ../../jplearn-integrate-main-20260908/apps/web/e2e/hls.spec.ts:55:5 › F-03 HLS lỗi vẫn fallback MP4 mà không refetch catalog T-LRN-001 (2.3s)
  ✓  40 [chromium] › ../../jplearn-integrate-main-20260908/apps/web/e2e/recovery.spec.ts:363:9 › Session recovery T-SES-REC-001 › F-01 GET 404 clears only the unusable record with an explicit terminal status T-SES-REC-001 (2.5s)
  ✓  41 [webkit] › ../../jplearn-integrate-main-20260908/apps/web/e2e/shell.spec.ts:20:5 › login and progress have no grammar chrome T-FLG-002 T-NEG-002 (2.4s)
  ✓  39 [webkit] › ../../jplearn-integrate-main-20260908/apps/web/e2e/a11y.spec.ts:294:5 › F-04 recovery and summary errors expose role=alert T-NFR-A1 (3.5s)
  ✓  42 [webkit] › ../../jplearn-integrate-main-20260908/apps/web/e2e/recovery.spec.ts:174:9 › Session recovery T-SES-REC-001 › F-01 network during active recovery keeps the record and retries the same GET T-SES-REC-001 (2.6s)
  ✓  43 [webkit] › ../../jplearn-integrate-main-20260908/apps/web/e2e/hls.spec.ts:177:5 › F-03 đổi URL hls.js cùng item khôi phục vị trí pause T-LRN-001 (3.4s)
  ✓  45 [webkit] › ../../jplearn-integrate-main-20260908/apps/web/e2e/shell.spec.ts:33:5 › catalog shows published seed item, hides draft T-CAT-002 T-FLG-002 (2.1s)
  ✓  47 [webkit] › ../../jplearn-integrate-main-20260908/apps/web/e2e/recovery.spec.ts:174:9 › Session recovery T-SES-REC-001 › F-01 HTTP 500 during outcome_unknown recovery keeps the record and retries the same GET T-SES-REC-001 (2.1s)
  ✓  44 [chromium] › ../../jplearn-integrate-main-20260908/apps/web/e2e/recovery.spec.ts:393:7 › Session recovery T-SES-REC-001 › F-01 late recovery response cannot overwrite state after the user changes T-SES-REC-001 (3.0s)
  ✓  51 [chromium] › ../../jplearn-integrate-main-20260908/apps/web/e2e/recovery.spec.ts:438:7 › Session recovery T-SES-REC-001 › start response lost after commit → reload replays same key → one session (2.1s)
  ✓  50 [webkit] › ../../jplearn-integrate-main-20260908/apps/web/e2e/recovery.spec.ts:220:7 › Session recovery T-SES-REC-001 › F-01 starting replay keeps one key through HTTP 500 and malformed success T-SES-REC-001 (2.5s)
  ✓  46 [webkit] › ../../jplearn-integrate-main-20260908/apps/web/e2e/staff.spec.ts:39:7 › Staff CMS T-CMS-E2E-001 › teacher drafts+uploads+submits (no publish button); admin publishes; learner sees; admin unpublishes — each step survives reload (5.2s)
  ✓  48 [webkit] › ../../jplearn-integrate-main-20260908/apps/web/e2e/hls.spec.ts:182:7 › F-03 đổi URL HLS theo engine khôi phục vị trí paused T-LRN-001 (3.7s)
  ✓  52 [chromium] › ../../jplearn-integrate-main-20260908/apps/web/e2e/recovery.spec.ts:465:7 › Session recovery T-SES-REC-001 › started → reload → route away and back → session still active, end works once (1.2s)
  ✓  53 [webkit] › ../../jplearn-integrate-main-20260908/apps/web/e2e/recovery.spec.ts:269:7 › Session recovery T-SES-REC-001 › F-01 starting replay 409 is terminal and allows a new start T-SES-REC-001 (1.2s)
  ✓  56 [chromium] › ../../jplearn-integrate-main-20260908/apps/web/e2e/recovery.spec.ts:485:7 › Session recovery T-SES-REC-001 › F-02 end response lost after commit → GET confirms ended → real summary shown, no second end T-SES-REC-001 (1.1s)
  ✓  54 [webkit] › ../../jplearn-integrate-main-20260908/apps/web/e2e/staff.spec.ts:98:7 › Staff CMS T-CMS-E2E-001 › publish without media is refused and status stays level_qa (2.1s)
  ✓  57 [webkit] › ../../jplearn-integrate-main-20260908/apps/web/e2e/recovery.spec.ts:299:7 › Session recovery T-SES-REC-001 › F-01 starting replay returned ended does not restore End or send it twice T-SES-REC-001 (1.4s)
  ✓  55 [webkit] › ../../jplearn-integrate-main-20260908/apps/web/e2e/hls.spec.ts:182:7 › F-03 đổi URL HLS theo engine khôi phục vị trí playing T-LRN-001 (2.9s)
  ✓  58 [chromium] › ../../jplearn-integrate-main-20260908/apps/web/e2e/recovery.spec.ts:514:7 › Session recovery T-SES-REC-001 › F-02 progress HTTP 500 after ended confirmation keeps recovery and retry loads summary without second end T-SES-REC-001 (1.3s)
  ✓  59 [webkit] › ../../jplearn-integrate-main-20260908/apps/web/e2e/staff.spec.ts:110:7 › Staff CMS T-CMS-E2E-001 › upload failure keeps the draft and shows an error (1.3s)
  ✓  60 [webkit] › ../../jplearn-integrate-main-20260908/apps/web/e2e/recovery.spec.ts:331:7 › Session recovery T-SES-REC-001 › F-01 replay 401 redirects to login without deleting the user recovery record T-SES-REC-001 (1.4s)
  ✓  61 [webkit] › ../../jplearn-integrate-main-20260908/apps/web/e2e/hls.spec.ts:187:5 › F-03 HLS fallback lấy trạng thái play tại lúc fallback T-LRN-001 (1.6s)
  ✓  62 [chromium] › ../../jplearn-integrate-main-20260908/apps/web/e2e/recovery.spec.ts:558:7 › Session recovery T-SES-REC-001 › F-02 reload with progress offline keeps ended reference and next reload loads summary without POST end T-SES-REC-001 (1.7s)
  ✓  63 [webkit] › ../../jplearn-integrate-main-20260908/apps/web/e2e/staff.spec.ts:122:7 › Staff CMS T-CMS-E2E-001 › stale revision → 409 → reload button loads the winner (1.7s)
  ✓  64 [webkit] › ../../jplearn-integrate-main-20260908/apps/web/e2e/recovery.spec.ts:363:9 › Session recovery T-SES-REC-001 › F-01 GET 403 clears only the unusable record with an explicit terminal status T-SES-REC-001 (1.4s)
  ✓  65 [chromium] › ../../jplearn-integrate-main-20260908/apps/web/e2e/recovery.spec.ts:608:7 › Session recovery T-SES-REC-001 › end and status check both offline → not reported ended, record kept for retry (1.1s)
  ✓  66 [webkit] › ../../jplearn-integrate-main-20260908/apps/web/e2e/staff.spec.ts:141:7 › Staff CMS T-CMS-E2E-001 › client-side validation rejects non-mp4 in both staff forms (1.4s)
  ✓  67 [webkit] › ../../jplearn-integrate-main-20260908/apps/web/e2e/recovery.spec.ts:363:9 › Session recovery T-SES-REC-001 › F-01 GET 404 clears only the unusable record with an explicit terminal status T-SES-REC-001 (1.8s)
  ✓  68 [chromium] › ../../jplearn-integrate-main-20260908/apps/web/e2e/recovery.spec.ts:640:7 › Session recovery T-SES-REC-001 › two tabs same user keep independent records; switching user hides previous record (1.8s)
  ✓  70 [chromium] › ../../jplearn-integrate-main-20260908/apps/web/e2e/recovery.spec.ts:671:7 › Session recovery T-SES-REC-001 › F-03 recovery persists the chosen default item but never media URLs T-SES-REC-001 T-LRN-001 (1.0s)
  ✓  69 [webkit] › ../../jplearn-integrate-main-20260908/apps/web/e2e/recovery.spec.ts:393:7 › Session recovery T-SES-REC-001 › F-01 late recovery response cannot overwrite state after the user changes T-SES-REC-001 (2.1s)
  ✓  71 [chromium] › ../../jplearn-integrate-main-20260908/apps/web/e2e/recovery.spec.ts:688:7 › Session recovery T-SES-REC-001 › F-03 legacy session without item persists the first default once T-SES-REC-001 T-LRN-001 (1.0s)
  ✓  72 [webkit] › ../../jplearn-integrate-main-20260908/apps/web/e2e/recovery.spec.ts:438:7 › Session recovery T-SES-REC-001 › start response lost after commit → reload replays same key → one session (2.2s)
  ✓  73 [chromium] › ../../jplearn-integrate-main-20260908/apps/web/e2e/recovery.spec.ts:705:7 › Session recovery T-SES-REC-001 › F-03 MP4 failure refetches a changed real URL and restores paused position T-LRN-001 (3.6s)
  ✓  74 [webkit] › ../../jplearn-integrate-main-20260908/apps/web/e2e/recovery.spec.ts:465:7 › Session recovery T-SES-REC-001 › started → reload → route away and back → session still active, end works once (1.9s)
  ✓  76 [webkit] › ../../jplearn-integrate-main-20260908/apps/web/e2e/recovery.spec.ts:485:7 › Session recovery T-SES-REC-001 › F-02 end response lost after commit → GET confirms ended → real summary shown, no second end T-SES-REC-001 (1.1s)
  ✓  75 [chromium] › ../../jplearn-integrate-main-20260908/apps/web/e2e/recovery.spec.ts:759:7 › Session recovery T-SES-REC-001 › F-03 manual retry remains usable after choosing a default and another source failure T-LRN-001 (1.6s)
  ✓  77 [webkit] › ../../jplearn-integrate-main-20260908/apps/web/e2e/recovery.spec.ts:514:7 › Session recovery T-SES-REC-001 › F-02 progress HTTP 500 after ended confirmation keeps recovery and retry loads summary without second end T-SES-REC-001 (1.2s)
  ✓  78 [chromium] › ../../jplearn-integrate-main-20260908/apps/web/e2e/recovery.spec.ts:805:7 › Session recovery T-SES-REC-001 › F-03 dual-source faults use one auto refetch and manual retry starts a new cycle T-LRN-001 (1.4s)
  ✓  79 [webkit] › ../../jplearn-integrate-main-20260908/apps/web/e2e/recovery.spec.ts:558:7 › Session recovery T-SES-REC-001 › F-02 reload with progress offline keeps ended reference and next reload loads summary without POST end T-SES-REC-001 (2.8s)
  ✓  80 [chromium] › ../../jplearn-integrate-main-20260908/apps/web/e2e/recovery.spec.ts:851:7 › Session recovery T-SES-REC-001 › F-03 real unpublish keeps target unavailable instead of playing another item T-SES-REC-001 T-LRN-001 (4.3s)
  ✓  81 [webkit] › ../../jplearn-integrate-main-20260908/apps/web/e2e/recovery.spec.ts:608:7 › Session recovery T-SES-REC-001 › end and status check both offline → not reported ended, record kept for retry (2.6s)
  ✓  82 [webkit] › ../../jplearn-integrate-main-20260908/apps/web/e2e/recovery.spec.ts:640:7 › Session recovery T-SES-REC-001 › two tabs same user keep independent records; switching user hides previous record (3.4s)
  ✓  83 [webkit] › ../../jplearn-integrate-main-20260908/apps/web/e2e/recovery.spec.ts:671:7 › Session recovery T-SES-REC-001 › F-03 recovery persists the chosen default item but never media URLs T-SES-REC-001 T-LRN-001 (1.3s)
  ✓  84 [webkit] › ../../jplearn-integrate-main-20260908/apps/web/e2e/recovery.spec.ts:688:7 › Session recovery T-SES-REC-001 › F-03 legacy session without item persists the first default once T-SES-REC-001 T-LRN-001 (1.6s)
  ✓  85 [webkit] › ../../jplearn-integrate-main-20260908/apps/web/e2e/recovery.spec.ts:705:7 › Session recovery T-SES-REC-001 › F-03 MP4 failure refetches a changed real URL and restores paused position T-LRN-001 (3.0s)
  ✓  86 [webkit] › ../../jplearn-integrate-main-20260908/apps/web/e2e/recovery.spec.ts:759:7 › Session recovery T-SES-REC-001 › F-03 manual retry remains usable after choosing a default and another source failure T-LRN-001 (1.9s)
  ✓  87 [webkit] › ../../jplearn-integrate-main-20260908/apps/web/e2e/recovery.spec.ts:805:7 › Session recovery T-SES-REC-001 › F-03 dual-source faults use one auto refetch and manual retry starts a new cycle T-LRN-001 (2.2s)
  ✓  88 [webkit] › ../../jplearn-integrate-main-20260908/apps/web/e2e/recovery.spec.ts:851:7 › Session recovery T-SES-REC-001 › F-03 real unpublish keeps target unavailable instead of playing another item T-SES-REC-001 T-LRN-001 (3.0s)
  ✓  11 [chromium] › ../../jplearn-integrate-main-20260908/apps/web/e2e/sync.spec.ts:10:5 › UC-L06 cùng user hai client: cùng catalog published, cùng minutes_comprehensible (2.2m)
  ✓  49 [webkit] › ../../jplearn-integrate-main-20260908/apps/web/e2e/sync.spec.ts:10:5 › UC-L06 cùng user hai client: cùng catalog published, cùng minutes_comprehensible (2.2m)

  88 passed (2.6m)
== Cleaning up E2E resources [run=20260908151454_963] ==
== E2E run finished (exit 0). Evidence preserved at: /tmp/jplearn-e2e-20260908151454_963 ==
