== 1/5 docker db-test (Alembic migrate + seed) [project=jplearn-web-e2e-20260906171304_10107] ==
== 2/5 FastAPI :62213 ==
== 3/5 seed nội dung published + HLS thật ==
   published item 00000000-0000-4000-8000-0000000000c1, asset 2fd60d3f-44ef-4816-a23b-52ca04075f6a (+hls)
== 3b/5 teacher E2E account (isolated DB only) ==
granted teacher to teacher@e2e.local
== 4/5 web :62214 → API :62213 [workspace=/tmp/jplearn-e2e-20260906171304_10107/web] ==
== 5/5 playwright --project=webkit ==

Running 42 tests using 6 workers

(node:51990) Warning: The 'NO_COLOR' env is ignored due to the 'FORCE_COLOR' env being set.
(Use `node --trace-warnings ...` to show where the warning was created)
(node:51989) Warning: The 'NO_COLOR' env is ignored due to the 'FORCE_COLOR' env being set.
(Use `node --trace-warnings ...` to show where the warning was created)
(node:51991) Warning: The 'NO_COLOR' env is ignored due to the 'FORCE_COLOR' env being set.
(Use `node --trace-warnings ...` to show where the warning was created)
(node:51992) Warning: The 'NO_COLOR' env is ignored due to the 'FORCE_COLOR' env being set.
(Use `node --trace-warnings ...` to show where the warning was created)
(node:51993) Warning: The 'NO_COLOR' env is ignored due to the 'FORCE_COLOR' env being set.
(Use `node --trace-warnings ...` to show where the warning was created)
(node:51994) Warning: The 'NO_COLOR' env is ignored due to the 'FORCE_COLOR' env being set.
(Use `node --trace-warnings ...` to show where the warning was created)
  ✓   2 [webkit] › ../../../../Users/quyendo/Documents/Learn/JPLearn/apps/web/e2e/hls.spec.ts:22:5 › phiên phát HLS khi item có hls_url T-NFR-P2 (2.1s)
  ✓   3 [webkit] › ../../../../Users/quyendo/Documents/Learn/JPLearn/apps/web/e2e/shell.spec.ts:20:5 › login and progress have no grammar chrome T-FLG-002 T-NEG-002 (2.1s)
  ✓   1 [webkit] › ../../../../Users/quyendo/Documents/Learn/JPLearn/apps/web/e2e/auth.spec.ts:3:5 › T-AUTH-SEC-001: open-redirect targets fall back to /, internal path is honoured (2.2s)
  ✓   5 [webkit] › ../../../../Users/quyendo/Documents/Learn/JPLearn/apps/web/e2e/recovery.spec.ts:129:7 › Session recovery T-SES-REC-001 › F-01 pending active GET disables Start and cannot POST a new session T-SES-REC-001 (2.5s)
No accessibility violations detected!
No accessibility violations detected!
  ✓   9 [webkit] › ../../../../Users/quyendo/Documents/Learn/JPLearn/apps/web/e2e/auth.spec.ts:20:5 › T-AUTH-ERR-001: a 400 validation error from the API is shown verbatim in the alert (902ms)
  ✓   8 [webkit] › ../../../../Users/quyendo/Documents/Learn/JPLearn/apps/web/e2e/shell.spec.ts:33:5 › catalog shows published seed item, hides draft T-CAT-002 T-FLG-002 (1.1s)
No accessibility violations detected!
No accessibility violations detected!
  ✓  10 [webkit] › ../../../../Users/quyendo/Documents/Learn/JPLearn/apps/web/e2e/recovery.spec.ts:173:9 › Session recovery T-SES-REC-001 › F-01 network during active recovery keeps the record and retries the same GET T-SES-REC-001 (1.4s)
  ✓   7 [webkit] › ../../../../Users/quyendo/Documents/Learn/JPLearn/apps/web/e2e/hls.spec.ts:55:5 › F-03 HLS lỗi vẫn fallback MP4 mà không refetch catalog T-LRN-001 (2.1s)
No accessibility violations detected!
  ✓   6 [webkit] › ../../../../Users/quyendo/Documents/Learn/JPLearn/apps/web/e2e/a11y.spec.ts:62:5 › chrome learner đạt contrast AA + mọi route có document title T-NFR-A1 (4.2s)
  ✓   4 [webkit] › ../../../../Users/quyendo/Documents/Learn/JPLearn/apps/web/e2e/staff.spec.ts:39:7 › Staff CMS T-CMS-E2E-001 › teacher drafts+uploads+submits (no publish button); admin publishes; learner sees; admin unpublishes — each step survives reload (5.1s)
  ✓  12 [webkit] › ../../../../Users/quyendo/Documents/Learn/JPLearn/apps/web/e2e/recovery.spec.ts:173:9 › Session recovery T-SES-REC-001 › F-01 HTTP 500 during outcome_unknown recovery keeps the record and retries the same GET T-SES-REC-001 (1.4s)
No accessibility violations detected!
  ✓  13 [webkit] › ../../../../Users/quyendo/Documents/Learn/JPLearn/apps/web/e2e/hls.spec.ts:87:5 › F-03 đổi URL HLS cùng item khôi phục vị trí pause T-LRN-001 (1.5s)
No accessibility violations detected!
  ✓  14 [webkit] › ../../../../Users/quyendo/Documents/Learn/JPLearn/apps/web/e2e/a11y.spec.ts:79:5 › chrome staff CMS đạt contrast AA + mọi route có document title T-NFR-A1 (1.6s)
No accessibility violations detected!
  ✓  15 [webkit] › ../../../../Users/quyendo/Documents/Learn/JPLearn/apps/web/e2e/staff.spec.ts:95:7 › Staff CMS T-CMS-E2E-001 › publish without media is refused and status stays level_qa (2.1s)
  ✓  17 [webkit] › ../../../../Users/quyendo/Documents/Learn/JPLearn/apps/web/e2e/hls.spec.ts:148:5 › F-03 HLS fallback lấy trạng thái play tại lúc fallback T-LRN-001 (1.6s)
  ✓  16 [webkit] › ../../../../Users/quyendo/Documents/Learn/JPLearn/apps/web/e2e/recovery.spec.ts:219:7 › Session recovery T-SES-REC-001 › F-01 starting replay keeps one key through HTTP 500 and malformed success T-SES-REC-001 (2.4s)
No accessibility violations detected!
No accessibility violations detected!
  ✓  19 [webkit] › ../../../../Users/quyendo/Documents/Learn/JPLearn/apps/web/e2e/staff.spec.ts:107:7 › Staff CMS T-CMS-E2E-001 › upload failure keeps the draft and shows an error (1.1s)
No accessibility violations detected!
  ✓  18 [webkit] › ../../../../Users/quyendo/Documents/Learn/JPLearn/apps/web/e2e/a11y.spec.ts:94:5 › axe: error state on login, active session state, staff detail route T-NFR-A1 (2.7s)
  ✓  20 [webkit] › ../../../../Users/quyendo/Documents/Learn/JPLearn/apps/web/e2e/recovery.spec.ts:268:7 › Session recovery T-SES-REC-001 › F-01 starting replay 409 is terminal and allows a new start T-SES-REC-001 (1.1s)
  ✓  21 [webkit] › ../../../../Users/quyendo/Documents/Learn/JPLearn/apps/web/e2e/staff.spec.ts:119:7 › Staff CMS T-CMS-E2E-001 › stale revision → 409 → reload button loads the winner (1.6s)
[F-04] webkit [{"type":"f04-native-media-keys","description":"webkit: tab-to-video=false; spaceChangedPaused=false"},{"type":"f04-play-focus-path","description":"webkit: tab-from-catalog"},{"type":"f04-pause-focus-path","description":"webkit: stayed-on-control"}]
  ✓  22 [webkit] › ../../../../Users/quyendo/Documents/Learn/JPLearn/apps/web/e2e/a11y.spec.ts:192:5 › keyboard: login form tab order and Enter-to-submit; player controls reachable T-NFR-A1 (1.6s)
  ✓  23 [webkit] › ../../../../Users/quyendo/Documents/Learn/JPLearn/apps/web/e2e/recovery.spec.ts:298:7 › Session recovery T-SES-REC-001 › F-01 starting replay returned ended does not restore End or send it twice T-SES-REC-001 (1.3s)
  ✓  24 [webkit] › ../../../../Users/quyendo/Documents/Learn/JPLearn/apps/web/e2e/staff.spec.ts:138:7 › Staff CMS T-CMS-E2E-001 › client-side validation rejects non-mp4 in both staff forms (999ms)
  ✓  26 [webkit] › ../../../../Users/quyendo/Documents/Learn/JPLearn/apps/web/e2e/recovery.spec.ts:330:7 › Session recovery T-SES-REC-001 › F-01 replay 401 redirects to login without deleting the user recovery record T-SES-REC-001 (1.8s)
  ✓  25 [webkit] › ../../../../Users/quyendo/Documents/Learn/JPLearn/apps/web/e2e/a11y.spec.ts:294:5 › F-04 recovery and summary errors expose role=alert T-NFR-A1 (2.3s)
  ✓  27 [webkit] › ../../../../Users/quyendo/Documents/Learn/JPLearn/apps/web/e2e/recovery.spec.ts:360:9 › Session recovery T-SES-REC-001 › F-01 GET 403 clears only the unusable record with an explicit terminal status T-SES-REC-001 (1.6s)
  ✓  28 [webkit] › ../../../../Users/quyendo/Documents/Learn/JPLearn/apps/web/e2e/recovery.spec.ts:360:9 › Session recovery T-SES-REC-001 › F-01 GET 404 clears only the unusable record with an explicit terminal status T-SES-REC-001 (1.4s)
  ✓  29 [webkit] › ../../../../Users/quyendo/Documents/Learn/JPLearn/apps/web/e2e/recovery.spec.ts:390:7 › Session recovery T-SES-REC-001 › F-01 late recovery response cannot overwrite state after the user changes T-SES-REC-001 (2.3s)
  ✓  30 [webkit] › ../../../../Users/quyendo/Documents/Learn/JPLearn/apps/web/e2e/recovery.spec.ts:435:7 › Session recovery T-SES-REC-001 › start response lost after commit → reload replays same key → one session (2.0s)
  ✓  31 [webkit] › ../../../../Users/quyendo/Documents/Learn/JPLearn/apps/web/e2e/recovery.spec.ts:462:7 › Session recovery T-SES-REC-001 › started → reload → route away and back → session still active, end works once (1.2s)
  ✓  32 [webkit] › ../../../../Users/quyendo/Documents/Learn/JPLearn/apps/web/e2e/recovery.spec.ts:482:7 › Session recovery T-SES-REC-001 › F-02 end response lost after commit → GET confirms ended → real summary shown, no second end T-SES-REC-001 (2.2s)
  ✓  33 [webkit] › ../../../../Users/quyendo/Documents/Learn/JPLearn/apps/web/e2e/recovery.spec.ts:511:7 › Session recovery T-SES-REC-001 › F-02 progress HTTP 500 after ended confirmation keeps recovery and retry loads summary without second end T-SES-REC-001 (1.6s)
  ✓  34 [webkit] › ../../../../Users/quyendo/Documents/Learn/JPLearn/apps/web/e2e/recovery.spec.ts:555:7 › Session recovery T-SES-REC-001 › F-02 reload with progress offline keeps ended reference and next reload loads summary without POST end T-SES-REC-001 (2.1s)
  ✓  35 [webkit] › ../../../../Users/quyendo/Documents/Learn/JPLearn/apps/web/e2e/recovery.spec.ts:605:7 › Session recovery T-SES-REC-001 › end and status check both offline → not reported ended, record kept for retry (1.1s)
  ✓  36 [webkit] › ../../../../Users/quyendo/Documents/Learn/JPLearn/apps/web/e2e/recovery.spec.ts:629:7 › Session recovery T-SES-REC-001 › two tabs same user keep independent records; switching user hides previous record (1.9s)
  ✓  37 [webkit] › ../../../../Users/quyendo/Documents/Learn/JPLearn/apps/web/e2e/recovery.spec.ts:660:7 › Session recovery T-SES-REC-001 › F-03 recovery persists the chosen default item but never media URLs T-SES-REC-001 T-LRN-001 (1.3s)
  ✓  38 [webkit] › ../../../../Users/quyendo/Documents/Learn/JPLearn/apps/web/e2e/recovery.spec.ts:677:7 › Session recovery T-SES-REC-001 › F-03 legacy session without item persists the first default once T-SES-REC-001 T-LRN-001 (1.1s)
  ✓  39 [webkit] › ../../../../Users/quyendo/Documents/Learn/JPLearn/apps/web/e2e/recovery.spec.ts:694:7 › Session recovery T-SES-REC-001 › F-03 MP4 failure refetches a changed real URL and restores paused position T-LRN-001 (2.6s)
  ✓  40 [webkit] › ../../../../Users/quyendo/Documents/Learn/JPLearn/apps/web/e2e/recovery.spec.ts:748:7 › Session recovery T-SES-REC-001 › F-03 manual retry can choose the default after initial catalog failure T-LRN-001 (3.0s)
  ✓  41 [webkit] › ../../../../Users/quyendo/Documents/Learn/JPLearn/apps/web/e2e/recovery.spec.ts:769:7 › Session recovery T-SES-REC-001 › F-03 dual-source faults use one auto refetch and manual retry starts a new cycle T-LRN-001 (1.4s)
  ✓  42 [webkit] › ../../../../Users/quyendo/Documents/Learn/JPLearn/apps/web/e2e/recovery.spec.ts:815:7 › Session recovery T-SES-REC-001 › F-03 real unpublish keeps target unavailable instead of playing another item T-SES-REC-001 T-LRN-001 (2.3s)
  ✓  11 [webkit] › ../../../../Users/quyendo/Documents/Learn/JPLearn/apps/web/e2e/sync.spec.ts:10:5 › UC-L06 cùng user hai client: cùng catalog published, cùng minutes_comprehensible (2.2m)

  42 passed (2.3m)
== Cleaning up E2E resources [run=20260906171304_10107] ==
== E2E run finished (exit 0). Evidence preserved at: /tmp/jplearn-e2e-20260906171304_10107 ==
